Archive member included to satisfy reference by file (symbol)

c:/st/stm32cubeide_1.12.0/stm32cubeide/plugins/com.st.stm32cube.ide.mcu.externaltools.gnu-tools-for-stm32.10.3-2021.10.win32_1.0.200.202301161003/tools/bin/../lib/gcc/arm-none-eabi/10.3.1/../../../../arm-none-eabi/lib/thumb/v6-m/nofp\libc_nano.a(lib_a-errno.o)
                              ./Core/STM32CubeIDE/Application/User/syscalls.o (__errno)
c:/st/stm32cubeide_1.12.0/stm32cubeide/plugins/com.st.stm32cube.ide.mcu.externaltools.gnu-tools-for-stm32.10.3-2021.10.win32_1.0.200.202301161003/tools/bin/../lib/gcc/arm-none-eabi/10.3.1/../../../../arm-none-eabi/lib/thumb/v6-m/nofp\libc_nano.a(lib_a-exit.o)
                              c:/st/stm32cubeide_1.12.0/stm32cubeide/plugins/com.st.stm32cube.ide.mcu.externaltools.gnu-tools-for-stm32.10.3-2021.10.win32_1.0.200.202301161003/tools/bin/../lib/gcc/arm-none-eabi/10.3.1/../../../../arm-none-eabi/lib/thumb/v6-m/nofp/crt0.o (exit)
c:/st/stm32cubeide_1.12.0/stm32cubeide/plugins/com.st.stm32cube.ide.mcu.externaltools.gnu-tools-for-stm32.10.3-2021.10.win32_1.0.200.202301161003/tools/bin/../lib/gcc/arm-none-eabi/10.3.1/../../../../arm-none-eabi/lib/thumb/v6-m/nofp\libc_nano.a(lib_a-impure.o)
                              c:/st/stm32cubeide_1.12.0/stm32cubeide/plugins/com.st.stm32cube.ide.mcu.externaltools.gnu-tools-for-stm32.10.3-2021.10.win32_1.0.200.202301161003/tools/bin/../lib/gcc/arm-none-eabi/10.3.1/../../../../arm-none-eabi/lib/thumb/v6-m/nofp\libc_nano.a(lib_a-exit.o) (_global_impure_ptr)
c:/st/stm32cubeide_1.12.0/stm32cubeide/plugins/com.st.stm32cube.ide.mcu.externaltools.gnu-tools-for-stm32.10.3-2021.10.win32_1.0.200.202301161003/tools/bin/../lib/gcc/arm-none-eabi/10.3.1/../../../../arm-none-eabi/lib/thumb/v6-m/nofp\libc_nano.a(lib_a-init.o)
                              c:/st/stm32cubeide_1.12.0/stm32cubeide/plugins/com.st.stm32cube.ide.mcu.externaltools.gnu-tools-for-stm32.10.3-2021.10.win32_1.0.200.202301161003/tools/bin/../lib/gcc/arm-none-eabi/10.3.1/../../../../arm-none-eabi/lib/thumb/v6-m/nofp/crt0.o (__libc_init_array)
c:/st/stm32cubeide_1.12.0/stm32cubeide/plugins/com.st.stm32cube.ide.mcu.externaltools.gnu-tools-for-stm32.10.3-2021.10.win32_1.0.200.202301161003/tools/bin/../lib/gcc/arm-none-eabi/10.3.1/../../../../arm-none-eabi/lib/thumb/v6-m/nofp\libc_nano.a(lib_a-memcpy-stub.o)
                              ./Core/Src/main.o (memcpy)
c:/st/stm32cubeide_1.12.0/stm32cubeide/plugins/com.st.stm32cube.ide.mcu.externaltools.gnu-tools-for-stm32.10.3-2021.10.win32_1.0.200.202301161003/tools/bin/../lib/gcc/arm-none-eabi/10.3.1/../../../../arm-none-eabi/lib/thumb/v6-m/nofp\libc_nano.a(lib_a-memset.o)
                              c:/st/stm32cubeide_1.12.0/stm32cubeide/plugins/com.st.stm32cube.ide.mcu.externaltools.gnu-tools-for-stm32.10.3-2021.10.win32_1.0.200.202301161003/tools/bin/../lib/gcc/arm-none-eabi/10.3.1/../../../../arm-none-eabi/lib/thumb/v6-m/nofp/crt0.o (memset)
c:/st/stm32cubeide_1.12.0/stm32cubeide/plugins/com.st.stm32cube.ide.mcu.externaltools.gnu-tools-for-stm32.10.3-2021.10.win32_1.0.200.202301161003/tools/bin/../lib/gcc/arm-none-eabi/10.3.1/thumb/v6-m/nofp\libgcc.a(_udivsi3.o)
                              ./Core/Src/system_stm32g0xx.o (__aeabi_uidiv)
c:/st/stm32cubeide_1.12.0/stm32cubeide/plugins/com.st.stm32cube.ide.mcu.externaltools.gnu-tools-for-stm32.10.3-2021.10.win32_1.0.200.202301161003/tools/bin/../lib/gcc/arm-none-eabi/10.3.1/thumb/v6-m/nofp\libgcc.a(_divsi3.o)
                              ./Core/Src/led1202.o (__aeabi_idiv)
c:/st/stm32cubeide_1.12.0/stm32cubeide/plugins/com.st.stm32cube.ide.mcu.externaltools.gnu-tools-for-stm32.10.3-2021.10.win32_1.0.200.202301161003/tools/bin/../lib/gcc/arm-none-eabi/10.3.1/thumb/v6-m/nofp\libgcc.a(_dvmd_tls.o)
                              c:/st/stm32cubeide_1.12.0/stm32cubeide/plugins/com.st.stm32cube.ide.mcu.externaltools.gnu-tools-for-stm32.10.3-2021.10.win32_1.0.200.202301161003/tools/bin/../lib/gcc/arm-none-eabi/10.3.1/thumb/v6-m/nofp\libgcc.a(_udivsi3.o) (__aeabi_idiv0)
c:/st/stm32cubeide_1.12.0/stm32cubeide/plugins/com.st.stm32cube.ide.mcu.externaltools.gnu-tools-for-stm32.10.3-2021.10.win32_1.0.200.202301161003/tools/bin/../lib/gcc/arm-none-eabi/10.3.1/thumb/v6-m/nofp\libgcc.a(_aeabi_uldivmod.o)
                              ./Drivers/STM32G0xx_HAL_Driver/Src/stm32g0xx_hal_uart.o (__aeabi_uldivmod)
c:/st/stm32cubeide_1.12.0/stm32cubeide/plugins/com.st.stm32cube.ide.mcu.externaltools.gnu-tools-for-stm32.10.3-2021.10.win32_1.0.200.202301161003/tools/bin/../lib/gcc/arm-none-eabi/10.3.1/thumb/v6-m/nofp\libgcc.a(_udivmoddi4.o)
                              c:/st/stm32cubeide_1.12.0/stm32cubeide/plugins/com.st.stm32cube.ide.mcu.externaltools.gnu-tools-for-stm32.10.3-2021.10.win32_1.0.200.202301161003/tools/bin/../lib/gcc/arm-none-eabi/10.3.1/thumb/v6-m/nofp\libgcc.a(_aeabi_uldivmod.o) (__udivmoddi4)
[...]
Memory Configuration

Name             Origin             Length             Attributes
RAM              0x0000000020000000 0x0000000000024000 xrw
FLASH            0x0000000008000000 0x0000000000080000 xr
*default*        0x0000000000000000 0xffffffffffffffff

Linker script and memory map

LOAD c:/st/stm32cubeide_1.12.0/stm32cubeide/plugins/com.st.stm32cube.ide.mcu.externaltools.gnu-tools-for-stm32.10.3-2021.10.win32_1.0.200.202301161003/tools/bin/../lib/gcc/arm-none-eabi/10.3.1/thumb/v6-m/nofp/crti.o
LOAD c:/st/stm32cubeide_1.12.0/stm32cubeide/plugins/com.st.stm32cube.ide.mcu.externaltools.gnu-tools-for-stm32.10.3-2021.10.win32_1.0.200.202301161003/tools/bin/../lib/gcc/arm-none-eabi/10.3.1/thumb/v6-m/nofp/crtbegin.o
LOAD c:/st/stm32cubeide_1.12.0/stm32cubeide/plugins/com.st.stm32cube.ide.mcu.externaltools.gnu-tools-for-stm32.10.3-2021.10.win32_1.0.200.202301161003/tools/bin/../lib/gcc/arm-none-eabi/10.3.1/../../../../arm-none-eabi/lib/thumb/v6-m/nofp/crt0.o
LOAD ./Core/STM32CubeIDE/Application/Startup/startup_stm32l073rztx.o
LOAD ./Core/STM32CubeIDE/Application/User/syscalls.o
LOAD ./Core/STM32CubeIDE/Application/User/sysmem.o
LOAD ./Core/Src/bridge.o
LOAD ./Core/Src/callbacks.o
LOAD ./Core/Src/led1202.o
LOAD ./Core/Src/led1202_reg.o
LOAD ./Core/Src/led12a1.o
LOAD ./Core/Src/main.o
LOAD ./Core/Src/stm32g0xx_hal_msp.o
LOAD ./Core/Src/stm32g0xx_it.o
LOAD ./Core/Src/system_stm32g0xx.o
LOAD ./Drivers/STM32G0xx_HAL_Driver/Src/stm32g0xx_hal.o
LOAD ./Drivers/STM32G0xx_HAL_Driver/Src/stm32g0xx_hal_cortex.o
LOAD ./Drivers/STM32G0xx_HAL_Driver/Src/stm32g0xx_hal_dma.o
LOAD ./Drivers/STM32G0xx_HAL_Driver/Src/stm32g0xx_hal_dma_ex.o
LOAD ./Drivers/STM32G0xx_HAL_Driver/Src/stm32g0xx_hal_exti.o
LOAD ./Drivers/STM32G0xx_HAL_Driver/Src/stm32g0xx_hal_flash.o
LOAD ./Drivers/STM32G0xx_HAL_Driver/Src/stm32g0xx_hal_flash_ex.o
LOAD ./Drivers/STM32G0xx_HAL_Driver/Src/stm32g0xx_hal_gpio.o
LOAD ./Drivers/STM32G0xx_HAL_Driver/Src/stm32g0xx_hal_i2c.o
LOAD ./Drivers/STM32G0xx_HAL_Driver/Src/stm32g0xx_hal_i2c_ex.o
LOAD ./Drivers/STM32G0xx_HAL_Driver/Src/stm32g0xx_hal_pwr.o
LOAD ./Drivers/STM32G0xx_HAL_Driver/Src/stm32g0xx_hal_pwr_ex.o
LOAD ./Drivers/STM32G0xx_HAL_Driver/Src/stm32g0xx_hal_rcc.o
LOAD ./Drivers/STM32G0xx_HAL_Driver/Src/stm32g0xx_hal_rcc_ex.o
LOAD ./Drivers/STM32G0xx_HAL_Driver/Src/stm32g0xx_hal_tim.o
LOAD ./Drivers/STM32G0xx_HAL_Driver/Src/stm32g0xx_hal_tim_ex.o
LOAD ./Drivers/STM32G0xx_HAL_Driver/Src/stm32g0xx_hal_uart.o
LOAD ./Drivers/STM32G0xx_HAL_Driver/Src/stm32g0xx_hal_uart_ex.o
LOAD ./Drivers/STM32G0xx_HAL_Driver/Src/stm32g0xx_ll_dma.o
LOAD ./Drivers/STM32G0xx_HAL_Driver/Src/stm32g0xx_ll_rcc.o
START GROUP
LOAD c:/st/stm32cubeide_1.12.0/stm32cubeide/plugins/com.st.stm32cube.ide.mcu.externaltools.gnu-tools-for-stm32.10.3-2021.10.win32_1.0.200.202301161003/tools/bin/../lib/gcc/arm-none-eabi/10.3.1/../../../../arm-none-eabi/lib/thumb/v6-m/nofp\libc_nano.a
LOAD c:/st/stm32cubeide_1.12.0/stm32cubeide/plugins/com.st.stm32cube.ide.mcu.externaltools.gnu-tools-for-stm32.10.3-2021.10.win32_1.0.200.202301161003/tools/bin/../lib/gcc/arm-none-eabi/10.3.1/../../../../arm-none-eabi/lib/thumb/v6-m/nofp\libm.a
END GROUP
START GROUP
LOAD c:/st/stm32cubeide_1.12.0/stm32cubeide/plugins/com.st.stm32cube.ide.mcu.externaltools.gnu-tools-for-stm32.10.3-2021.10.win32_1.0.200.202301161003/tools/bin/../lib/gcc/arm-none-eabi/10.3.1/thumb/v6-m/nofp\libgcc.a
LOAD c:/st/stm32cubeide_1.12.0/stm32cubeide/plugins/com.st.stm32cube.ide.mcu.externaltools.gnu-tools-for-stm32.10.3-2021.10.win32_1.0.200.202301161003/tools/bin/../lib/gcc/arm-none-eabi/10.3.1/../../../../arm-none-eabi/lib/thumb/v6-m/nofp\libc_nano.a
END GROUP
START GROUP
LOAD c:/st/stm32cubeide_1.12.0/stm32cubeide/plugins/com.st.stm32cube.ide.mcu.externaltools.gnu-tools-for-stm32.10.3-2021.10.win32_1.0.200.202301161003/tools/bin/../lib/gcc/arm-none-eabi/10.3.1/thumb/v6-m/nofp\libgcc.a
LOAD c:/st/stm32cubeide_1.12.0/stm32cubeide/plugins/com.st.stm32cube.ide.mcu.externaltools.gnu-tools-for-stm32.10.3-2021.10.win32_1.0.200.202301161003/tools/bin/../lib/gcc/arm-none-eabi/10.3.1/../../../../arm-none-eabi/lib/thumb/v6-m/nofp\libc_nano.a
LOAD c:/st/stm32cubeide_1.12.0/stm32cubeide/plugins/com.st.stm32cube.ide.mcu.externaltools.gnu-tools-for-stm32.10.3-2021.10.win32_1.0.200.202301161003/tools/bin/../lib/gcc/arm-none-eabi/10.3.1/../../../../arm-none-eabi/lib/thumb/v6-m/nofp\libnosys.a
END GROUP
START GROUP
LOAD c:/st/stm32cubeide_1.12.0/stm32cubeide/plugins/com.st.stm32cube.ide.mcu.externaltools.gnu-tools-for-stm32.10.3-2021.10.win32_1.0.200.202301161003/tools/bin/../lib/gcc/arm-none-eabi/10.3.1/thumb/v6-m/nofp\libgcc.a
LOAD c:/st/stm32cubeide_1.12.0/stm32cubeide/plugins/com.st.stm32cube.ide.mcu.externaltools.gnu-tools-for-stm32.10.3-2021.10.win32_1.0.200.202301161003/tools/bin/../lib/gcc/arm-none-eabi/10.3.1/../../../../arm-none-eabi/lib/thumb/v6-m/nofp\libc_nano.a
LOAD c:/st/stm32cubeide_1.12.0/stm32cubeide/plugins/com.st.stm32cube.ide.mcu.externaltools.gnu-tools-for-stm32.10.3-2021.10.win32_1.0.200.202301161003/tools/bin/../lib/gcc/arm-none-eabi/10.3.1/../../../../arm-none-eabi/lib/thumb/v6-m/nofp\libnosys.a
END GROUP
LOAD c:/st/stm32cubeide_1.12.0/stm32cubeide/plugins/com.st.stm32cube.ide.mcu.externaltools.gnu-tools-for-stm32.10.3-2021.10.win32_1.0.200.202301161003/tools/bin/../lib/gcc/arm-none-eabi/10.3.1/thumb/v6-m/nofp/crtend.o
LOAD c:/st/stm32cubeide_1.12.0/stm32cubeide/plugins/com.st.stm32cube.ide.mcu.externaltools.gnu-tools-for-stm32.10.3-2021.10.win32_1.0.200.202301161003/tools/bin/../lib/gcc/arm-none-eabi/10.3.1/thumb/v6-m/nofp/crtn.o
                0x0000000020024000                _estack = (ORIGIN (RAM) + LENGTH (RAM))
                0x0000000000000200                _Min_Heap_Size = 0x200
                0x0000000000000400                _Min_Stack_Size = 0x400

.isr_vector     0x0000000008000000       0xc0
                0x0000000008000000                . = ALIGN (0x4)
 *(.isr_vector)
 .isr_vector    0x0000000008000000       0xc0 ./Core/STM32CubeIDE/Application/Startup/startup_stm32l073rztx.o
                0x0000000008000000                g_pfnVectors
                0x00000000080000c0                . = ALIGN (0x4)

.text           0x00000000080000c0     0x682c
                0x00000000080000c0                . = ALIGN (0x4)
 *(.text)
 .text          0x00000000080000c0       0x48 c:/st/stm32cubeide_1.12.0/stm32cubeide/plugins/com.st.stm32cube.ide.mcu.externaltools.gnu-tools-for-stm32.10.3-2021.10.win32_1.0.200.202301161003/tools/bin/../lib/gcc/arm-none-eabi/10.3.1/thumb/v6-m/nofp/crtbegin.o
 .text          0x0000000008000108      0x114 c:/st/stm32cubeide_1.12.0/stm32cubeide/plugins/com.st.stm32cube.ide.mcu.externaltools.gnu-tools-for-stm32.10.3-2021.10.win32_1.0.200.202301161003/tools/bin/../lib/gcc/arm-none-eabi/10.3.1/thumb/v6-m/nofp\libgcc.a(_udivsi3.o)
                0x0000000008000108                __aeabi_uidiv
                0x0000000008000108                __udivsi3
                0x0000000008000214                __aeabi_uidivmod
 .text          0x000000000800021c      0x1d4 c:/st/stm32cubeide_1.12.0/stm32cubeide/plugins/com.st.stm32cube.ide.mcu.externaltools.gnu-tools-for-stm32.10.3-2021.10.win32_1.0.200.202301161003/tools/bin/../lib/gcc/arm-none-eabi/10.3.1/thumb/v6-m/nofp\libgcc.a(_divsi3.o)
                0x000000000800021c                __divsi3
                0x000000000800021c                __aeabi_idiv
                0x00000000080003e8                __aeabi_idivmod
 .text          0x00000000080003f0        0x4 c:/st/stm32cubeide_1.12.0/stm32cubeide/plugins/com.st.stm32cube.ide.mcu.externaltools.gnu-tools-for-stm32.10.3-2021.10.win32_1.0.200.202301161003/tools/bin/../lib/gcc/arm-none-eabi/10.3.1/thumb/v6-m/nofp\libgcc.a(_dvmd_tls.o)
                0x00000000080003f0                __aeabi_idiv0
                0x00000000080003f0                __aeabi_ldiv0
 .text          0x00000000080003f4       0x40 c:/st/stm32cubeide_1.12.0/stm32cubeide/plugins/com.st.stm32cube.ide.mcu.externaltools.gnu-tools-for-stm32.10.3-2021.10.win32_1.0.200.202301161003/tools/bin/../lib/gcc/arm-none-eabi/10.3.1/thumb/v6-m/nofp\libgcc.a(_aeabi_uldivmod.o)
                0x00000000080003f4                __aeabi_uldivmod
 .text          0x0000000008000434      0x198 c:/st/stm32cubeide_1.12.0/stm32cubeide/plugins/com.st.stm32cube.ide.mcu.externaltools.gnu-tools-for-stm32.10.3-2021.10.win32_1.0.200.202301161003/tools/bin/../lib/gcc/arm-none-eabi/10.3.1/thumb/v6-m/nofp\libgcc.a(_udivmoddi4.o)
                0x0000000008000434                __udivmoddi4
 .text          0x00000000080005cc       0x18 c:/st/stm32cubeide_1.12.0/stm32cubeide/plugins/com.st.stm32cube.ide.mcu.externaltools.gnu-tools-for-stm32.10.3-2021.10.win32_1.0.200.202301161003/tools/bin/../lib/gcc/arm-none-eabi/10.3.1/thumb/v6-m/nofp\libgcc.a(_clzdi2.o)
                0x00000000080005cc                __clzdi2
 .text          0x00000000080005e4       0x3c c:/st/stm32cubeide_1.12.0/stm32cubeide/plugins/com.st.stm32cube.ide.mcu.externaltools.gnu-tools-for-stm32.10.3-2021.10.win32_1.0.200.202301161003/tools/bin/../lib/gcc/arm-none-eabi/10.3.1/thumb/v6-m/nofp\libgcc.a(_clzsi2.o)
                0x00000000080005e4                __clzsi2
 *(.text*)
 .text.Reset_Handler
                0x0000000008000620       0x50 ./Core/STM32CubeIDE/Application/Startup/startup_stm32l073rztx.o
                0x0000000008000620                Reset_Handler
 .text.Default_Handler
                0x0000000008000670        0x2 ./Core/STM32CubeIDE/Application/Startup/startup_stm32l073rztx.o
                0x0000000008000670                TSC_IRQHandler
                0x0000000008000670                ADC1_COMP_IRQHandler
                0x0000000008000670                PVD_IRQHandler
                0x0000000008000670                I2C1_IRQHandler
                0x0000000008000670                RCC_CRS_IRQHandler
                0x0000000008000670                SPI1_IRQHandler
                0x0000000008000670                TIM6_DAC_IRQHandler
                0x0000000008000670                EXTI2_3_IRQHandler
                0x0000000008000670                I2C2_IRQHandler
                0x0000000008000670                RTC_IRQHandler
                0x0000000008000670                LCD_IRQHandler
                0x0000000008000670                DMA1_Channel4_5_6_7_IRQHandler
                0x0000000008000670                TIM3_IRQHandler
                0x0000000008000670                EXTI4_15_IRQHandler
                0x0000000008000670                DMA1_Channel1_IRQHandler
                0x0000000008000670                USART4_5_IRQHandler
                0x0000000008000670                Default_Handler
                0x0000000008000670                TIM22_IRQHandler
                0x0000000008000670                TIM7_IRQHandler
                0x0000000008000670                EXTI0_1_IRQHandler
                0x0000000008000670                USB_IRQHandler
                0x0000000008000670                I2C3_IRQHandler
                0x0000000008000670                SPI2_IRQHandler
                0x0000000008000670                TIM21_IRQHandler
                0x0000000008000670                WWDG_IRQHandler
                0x0000000008000670                DMA1_Channel2_3_IRQHandler
                0x0000000008000670                USART2_IRQHandler
                0x0000000008000670                FLASH_IRQHandler
                0x0000000008000670                USART1_IRQHandler
                0x0000000008000670                RNG_LPUART1_IRQHandler
                0x0000000008000670                LPTIM1_IRQHandler
 *fill*         0x0000000008000672        0x2 
 .text.ClearBuffers
                0x0000000008000674       0x48 ./Core/Src/bridge.o
                0x0000000008000674                ClearBuffers
 .text.HAL_UART_RxCpltCallback
                0x00000000080006bc       0x4c ./Core/Src/callbacks.o
                0x00000000080006bc                HAL_UART_RxCpltCallback
 .text.HAL_TIM_PeriodElapsedCallback
                0x0000000008000708       0x90 ./Core/Src/callbacks.o
                0x0000000008000708                HAL_TIM_PeriodElapsedCallback
 .text.LED1202_RegisterBusIO
                0x0000000008000798       0x94 ./Core/Src/led1202.o
                0x0000000008000798                LED1202_RegisterBusIO
 .text.LED1202_ReadID
                0x000000000800082c       0x50 ./Core/Src/led1202.o
                0x000000000800082c                LED1202_ReadID
 .text.LED1202_SetChannelState
                0x000000000800087c       0xea ./Core/Src/led1202.o
                0x000000000800087c                LED1202_SetChannelState
 .text.LED1202_WriteLEDCurrentReg
                0x0000000008000966       0x80 ./Core/Src/led1202.o
                0x0000000008000966                LED1202_WriteLEDCurrentReg
 .text.LED1202_WritePatternPWMConfig
                0x00000000080009e6       0x80 ./Core/Src/led1202.o
                0x00000000080009e6                LED1202_WritePatternPWMConfig
 .text.LED1202_ReadReg
                0x0000000008000a66       0x42 ./Core/Src/led1202_reg.o
                0x0000000008000a66                LED1202_ReadReg
 .text.LED1202_WriteReg
                0x0000000008000aa8       0x42 ./Core/Src/led1202_reg.o
                0x0000000008000aa8                LED1202_WriteReg
 *fill*         0x0000000008000aea        0x2 
 .text.LED12A1_Init
                0x0000000008000aec       0x68 ./Core/Src/led12a1.o
                0x0000000008000aec                LED12A1_Init
 .text.BSP_I2C_Init
                0x0000000008000b54        0xc ./Core/Src/led12a1.o
                0x0000000008000b54                BSP_I2C_Init
 .text.BSP_I2C_DeInit
                0x0000000008000b60       0x24 ./Core/Src/led12a1.o
                0x0000000008000b60                BSP_I2C_DeInit
 .text.BSP_I2C_Write
                0x0000000008000b84       0x64 ./Core/Src/led12a1.o
                0x0000000008000b84                BSP_I2C_Write
 .text.BSP_I2C_Read
                0x0000000008000be8       0x60 ./Core/Src/led12a1.o
                0x0000000008000be8                BSP_I2C_Read
 .text.ReadRegWrap
                0x0000000008000c48       0x44 ./Core/Src/led12a1.o
                0x0000000008000c48                ReadRegWrap
 .text.WriteRegWrap
                0x0000000008000c8c       0x44 ./Core/Src/led12a1.o
                0x0000000008000c8c                WriteRegWrap
 .text.LED12A1_DeviceEnable
                0x0000000008000cd0       0x9c ./Core/Src/led12a1.o
                0x0000000008000cd0                LED12A1_DeviceEnable
 .text.LED12A1_SetDeviceAddr
                0x0000000008000d6c       0x78 ./Core/Src/led12a1.o
                0x0000000008000d6c                LED12A1_SetDeviceAddr
 .text.LED12A1_ScanAvailDevice
                0x0000000008000de4       0x8a ./Core/Src/led12a1.o
                0x0000000008000de4                LED12A1_ScanAvailDevice
 .text.LED12A1_AnalogDimming
                0x0000000008000e6e       0x5a ./Core/Src/led12a1.o
                0x0000000008000e6e                LED12A1_AnalogDimming
 .text.LED12A1_DigitalDimming
                0x0000000008000ec8       0x54 ./Core/Src/led12a1.o
                0x0000000008000ec8                LED12A1_DigitalDimming
 .text.LED12A1_ChannelEnable
                0x0000000008000f1c       0x4e ./Core/Src/led12a1.o
                0x0000000008000f1c                LED12A1_ChannelEnable
 .text.LED12A1_ChannelDisable
                0x0000000008000f6a       0x4e ./Core/Src/led12a1.o
                0x0000000008000f6a                LED12A1_ChannelDisable
 .text.main     0x0000000008000fb8      0x1b4 ./Core/Src/main.o
                0x0000000008000fb8                main
 .text.setBrightness.7
                0x000000000800116c       0xb8 ./Core/Src/main.o
 .text.colorWaterfall.2
                0x0000000008001224      0x22c ./Core/Src/main.o
 .text.allWhite.3
                0x0000000008001450       0xb8 ./Core/Src/main.o
 .text.scrollThemColors.4
                0x0000000008001508       0xdc ./Core/Src/main.o
 .text.policeLights.0
                0x00000000080015e4      0x100 ./Core/Src/main.o
 .text.oneByOne.5
                0x00000000080016e4       0xd8 ./Core/Src/main.o
 .text.topDownSwing.6
                0x00000000080017bc      0x158 ./Core/Src/main.o
 .text.demoPresentation.1
                0x0000000008001914       0x4c ./Core/Src/main.o
 .text.SystemClock_Config
                0x0000000008001960       0x90 ./Core/Src/main.o
                0x0000000008001960                SystemClock_Config
 .text.MX_I2C1_Init
                0x00000000080019f0       0x80 ./Core/Src/main.o
 .text.MX_TIM2_Init
                0x0000000008001a70       0xac ./Core/Src/main.o
 .text.MX_TIM3_Init
                0x0000000008001b1c       0xac ./Core/Src/main.o
 .text.MX_USART2_UART_Init
                0x0000000008001bc8       0x9c ./Core/Src/main.o
 .text.MX_GPIO_Init
                0x0000000008001c64       0xb8 ./Core/Src/main.o
 .text.Error_Handler
                0x0000000008001d1c        0xa ./Core/Src/main.o
                0x0000000008001d1c                Error_Handler
 *fill*         0x0000000008001d26        0x2 
 .text.HAL_MspInit
                0x0000000008001d28       0x48 ./Core/Src/stm32g0xx_hal_msp.o
                0x0000000008001d28                HAL_MspInit
 .text.HAL_I2C_MspInit
                0x0000000008001d70       0xc4 ./Core/Src/stm32g0xx_hal_msp.o
                0x0000000008001d70                HAL_I2C_MspInit
 .text.HAL_I2C_MspDeInit
                0x0000000008001e34       0x54 ./Core/Src/stm32g0xx_hal_msp.o
                0x0000000008001e34                HAL_I2C_MspDeInit
 .text.HAL_TIM_Base_MspInit
                0x0000000008001e88       0x80 ./Core/Src/stm32g0xx_hal_msp.o
                0x0000000008001e88                HAL_TIM_Base_MspInit
 .text.HAL_UART_MspInit
                0x0000000008001f08       0xc0 ./Core/Src/stm32g0xx_hal_msp.o
                0x0000000008001f08                HAL_UART_MspInit
 .text.NMI_Handler
                0x0000000008001fc8        0x6 ./Core/Src/stm32g0xx_it.o
                0x0000000008001fc8                NMI_Handler
 .text.HardFault_Handler
                0x0000000008001fce        0x6 ./Core/Src/stm32g0xx_it.o
                0x0000000008001fce                HardFault_Handler
 .text.SVC_Handler
                0x0000000008001fd4        0xa ./Core/Src/stm32g0xx_it.o
                0x0000000008001fd4                SVC_Handler
 .text.PendSV_Handler
                0x0000000008001fde        0xa ./Core/Src/stm32g0xx_it.o
                0x0000000008001fde                PendSV_Handler
 .text.SysTick_Handler
                0x0000000008001fe8        0xe ./Core/Src/stm32g0xx_it.o
                0x0000000008001fe8                SysTick_Handler
 *fill*         0x0000000008001ff6        0x2 
 .text.TIM2_IRQHandler
                0x0000000008001ff8       0x18 ./Core/Src/stm32g0xx_it.o
                0x0000000008001ff8                TIM2_IRQHandler
 .text.SystemInit
                0x0000000008002010        0xa ./Core/Src/system_stm32g0xx.o
                0x0000000008002010                SystemInit
 *fill*         0x000000000800201a        0x2 
 .text.HAL_Init
                0x000000000800201c       0x40 ./Drivers/STM32G0xx_HAL_Driver/Src/stm32g0xx_hal.o
                0x000000000800201c                HAL_Init
 .text.HAL_InitTick
                0x000000000800205c       0x94 ./Drivers/STM32G0xx_HAL_Driver/Src/stm32g0xx_hal.o
                0x000000000800205c                HAL_InitTick
 .text.HAL_IncTick
                0x00000000080020f0       0x24 ./Drivers/STM32G0xx_HAL_Driver/Src/stm32g0xx_hal.o
                0x00000000080020f0                HAL_IncTick
 .text.HAL_GetTick
                0x0000000008002114       0x14 ./Drivers/STM32G0xx_HAL_Driver/Src/stm32g0xx_hal.o
                0x0000000008002114                HAL_GetTick
 .text.HAL_Delay
                0x0000000008002128       0x48 ./Drivers/STM32G0xx_HAL_Driver/Src/stm32g0xx_hal.o
                0x0000000008002128                HAL_Delay
 .text.__NVIC_EnableIRQ
                0x0000000008002170       0x34 ./Drivers/STM32G0xx_HAL_Driver/Src/stm32g0xx_hal_cortex.o
 .text.__NVIC_SetPriority
                0x00000000080021a4       0xdc ./Drivers/STM32G0xx_HAL_Driver/Src/stm32g0xx_hal_cortex.o
 .text.SysTick_Config
                0x0000000008002280       0x48 ./Drivers/STM32G0xx_HAL_Driver/Src/stm32g0xx_hal_cortex.o
 .text.HAL_NVIC_SetPriority
                0x00000000080022c8       0x2a ./Drivers/STM32G0xx_HAL_Driver/Src/stm32g0xx_hal_cortex.o
                0x00000000080022c8                HAL_NVIC_SetPriority
 .text.HAL_NVIC_EnableIRQ
                0x00000000080022f2       0x20 ./Drivers/STM32G0xx_HAL_Driver/Src/stm32g0xx_hal_cortex.o
                0x00000000080022f2                HAL_NVIC_EnableIRQ
 .text.HAL_SYSTICK_Config
                0x0000000008002312       0x1a ./Drivers/STM32G0xx_HAL_Driver/Src/stm32g0xx_hal_cortex.o
                0x0000000008002312                HAL_SYSTICK_Config
 .text.HAL_DMA_Abort
                0x000000000800232c       0xc0 ./Drivers/STM32G0xx_HAL_Driver/Src/stm32g0xx_hal_dma.o
                0x000000000800232c                HAL_DMA_Abort
 .text.HAL_DMA_GetError
                0x00000000080023ec       0x14 ./Drivers/STM32G0xx_HAL_Driver/Src/stm32g0xx_hal_dma.o
                0x00000000080023ec                HAL_DMA_GetError
 .text.HAL_GPIO_Init
                0x0000000008002400      0x2d8 ./Drivers/STM32G0xx_HAL_Driver/Src/stm32g0xx_hal_gpio.o
                0x0000000008002400                HAL_GPIO_Init
 .text.HAL_GPIO_DeInit
                0x00000000080026d8      0x1b0 ./Drivers/STM32G0xx_HAL_Driver/Src/stm32g0xx_hal_gpio.o
                0x00000000080026d8                HAL_GPIO_DeInit
 .text.HAL_GPIO_WritePin
                0x0000000008002888       0x3a ./Drivers/STM32G0xx_HAL_Driver/Src/stm32g0xx_hal_gpio.o
                0x0000000008002888                HAL_GPIO_WritePin
 *fill*         0x00000000080028c2        0x2 
 .text.HAL_I2C_Init
                0x00000000080028c4      0x12c ./Drivers/STM32G0xx_HAL_Driver/Src/stm32g0xx_hal_i2c.o
                0x00000000080028c4                HAL_I2C_Init
 .text.HAL_I2C_DeInit
                0x00000000080029f0       0x60 ./Drivers/STM32G0xx_HAL_Driver/Src/stm32g0xx_hal_i2c.o
                0x00000000080029f0                HAL_I2C_DeInit
 .text.HAL_I2C_Mem_Write
                0x0000000008002a50      0x25c ./Drivers/STM32G0xx_HAL_Driver/Src/stm32g0xx_hal_i2c.o
                0x0000000008002a50                HAL_I2C_Mem_Write
 .text.HAL_I2C_Mem_Read
                0x0000000008002cac      0x268 ./Drivers/STM32G0xx_HAL_Driver/Src/stm32g0xx_hal_i2c.o
                0x0000000008002cac                HAL_I2C_Mem_Read
 .text.I2C_RequestMemoryWrite
                0x0000000008002f14       0xc8 ./Drivers/STM32G0xx_HAL_Driver/Src/stm32g0xx_hal_i2c.o
 .text.I2C_RequestMemoryRead
                0x0000000008002fdc       0xc4 ./Drivers/STM32G0xx_HAL_Driver/Src/stm32g0xx_hal_i2c.o
 .text.I2C_Flush_TXDR
                0x00000000080030a0       0x44 ./Drivers/STM32G0xx_HAL_Driver/Src/stm32g0xx_hal_i2c.o
 .text.I2C_WaitOnFlagUntilTimeout
                0x00000000080030e4       0x7e ./Drivers/STM32G0xx_HAL_Driver/Src/stm32g0xx_hal_i2c.o
 .text.I2C_WaitOnTXISFlagUntilTimeout
                0x0000000008003162       0x7e ./Drivers/STM32G0xx_HAL_Driver/Src/stm32g0xx_hal_i2c.o
 .text.I2C_WaitOnSTOPFlagUntilTimeout
                0x00000000080031e0       0x78 ./Drivers/STM32G0xx_HAL_Driver/Src/stm32g0xx_hal_i2c.o
 .text.I2C_IsErrorOccurred
                0x0000000008003258      0x200 ./Drivers/STM32G0xx_HAL_Driver/Src/stm32g0xx_hal_i2c.o
 .text.I2C_TransferConfig
                0x0000000008003458       0x74 ./Drivers/STM32G0xx_HAL_Driver/Src/stm32g0xx_hal_i2c.o
 .text.HAL_I2CEx_ConfigAnalogFilter
                0x00000000080034cc       0x98 ./Drivers/STM32G0xx_HAL_Driver/Src/stm32g0xx_hal_i2c_ex.o
                0x00000000080034cc                HAL_I2CEx_ConfigAnalogFilter
 .text.HAL_I2CEx_ConfigDigitalFilter
                0x0000000008003564       0x98 ./Drivers/STM32G0xx_HAL_Driver/Src/stm32g0xx_hal_i2c_ex.o
                0x0000000008003564                HAL_I2CEx_ConfigDigitalFilter
 .text.HAL_PWREx_ControlVoltageScaling
                0x00000000080035fc       0x80 ./Drivers/STM32G0xx_HAL_Driver/Src/stm32g0xx_hal_pwr_ex.o
                0x00000000080035fc                HAL_PWREx_ControlVoltageScaling
 .text.LL_RCC_GetAPB1Prescaler
                0x000000000800367c       0x18 ./Drivers/STM32G0xx_HAL_Driver/Src/stm32g0xx_hal_rcc.o
 .text.HAL_RCC_OscConfig
                0x0000000008003694      0x6c0 ./Drivers/STM32G0xx_HAL_Driver/Src/stm32g0xx_hal_rcc.o
                0x0000000008003694                HAL_RCC_OscConfig
 .text.HAL_RCC_ClockConfig
                0x0000000008003d54      0x210 ./Drivers/STM32G0xx_HAL_Driver/Src/stm32g0xx_hal_rcc.o
                0x0000000008003d54                HAL_RCC_ClockConfig
 .text.HAL_RCC_GetSysClockFreq
                0x0000000008003f64      0x104 ./Drivers/STM32G0xx_HAL_Driver/Src/stm32g0xx_hal_rcc.o
                0x0000000008003f64                HAL_RCC_GetSysClockFreq
 .text.HAL_RCC_GetHCLKFreq
                0x0000000008004068       0x14 ./Drivers/STM32G0xx_HAL_Driver/Src/stm32g0xx_hal_rcc.o
                0x0000000008004068                HAL_RCC_GetHCLKFreq
 .text.HAL_RCC_GetPCLK1Freq
                0x000000000800407c       0x2c ./Drivers/STM32G0xx_HAL_Driver/Src/stm32g0xx_hal_rcc.o
                0x000000000800407c                HAL_RCC_GetPCLK1Freq
 .text.HAL_RCCEx_PeriphCLKConfig
                0x00000000080040a8      0x478 ./Drivers/STM32G0xx_HAL_Driver/Src/stm32g0xx_hal_rcc_ex.o
                0x00000000080040a8                HAL_RCCEx_PeriphCLKConfig
 .text.HAL_TIM_Base_Init
                0x0000000008004520       0xb0 ./Drivers/STM32G0xx_HAL_Driver/Src/stm32g0xx_hal_tim.o
                0x0000000008004520                HAL_TIM_Base_Init
 .text.HAL_TIM_Base_Stop_IT
                0x00000000080045d0       0x5c ./Drivers/STM32G0xx_HAL_Driver/Src/stm32g0xx_hal_tim.o
                0x00000000080045d0                HAL_TIM_Base_Stop_IT
 .text.HAL_TIM_IRQHandler
                0x000000000800462c      0x264 ./Drivers/STM32G0xx_HAL_Driver/Src/stm32g0xx_hal_tim.o
                0x000000000800462c                HAL_TIM_IRQHandler
 .text.HAL_TIM_ConfigClockSource
                0x0000000008004890      0x1ac ./Drivers/STM32G0xx_HAL_Driver/Src/stm32g0xx_hal_tim.o
                0x0000000008004890                HAL_TIM_ConfigClockSource
 .text.HAL_TIM_OC_DelayElapsedCallback
                0x0000000008004a3c       0x10 ./Drivers/STM32G0xx_HAL_Driver/Src/stm32g0xx_hal_tim.o
                0x0000000008004a3c                HAL_TIM_OC_DelayElapsedCallback
 .text.HAL_TIM_IC_CaptureCallback
                0x0000000008004a4c       0x10 ./Drivers/STM32G0xx_HAL_Driver/Src/stm32g0xx_hal_tim.o
                0x0000000008004a4c                HAL_TIM_IC_CaptureCallback
 .text.HAL_TIM_PWM_PulseFinishedCallback
                0x0000000008004a5c       0x10 ./Drivers/STM32G0xx_HAL_Driver/Src/stm32g0xx_hal_tim.o
                0x0000000008004a5c                HAL_TIM_PWM_PulseFinishedCallback
 .text.HAL_TIM_TriggerCallback
                0x0000000008004a6c       0x10 ./Drivers/STM32G0xx_HAL_Driver/Src/stm32g0xx_hal_tim.o
                0x0000000008004a6c                HAL_TIM_TriggerCallback
 .text.TIM_Base_SetConfig
                0x0000000008004a7c      0x114 ./Drivers/STM32G0xx_HAL_Driver/Src/stm32g0xx_hal_tim.o
                0x0000000008004a7c                TIM_Base_SetConfig
 .text.TIM_TI1_ConfigInputStage
                0x0000000008004b90       0x5c ./Drivers/STM32G0xx_HAL_Driver/Src/stm32g0xx_hal_tim.o
 .text.TIM_TI2_ConfigInputStage
                0x0000000008004bec       0x64 ./Drivers/STM32G0xx_HAL_Driver/Src/stm32g0xx_hal_tim.o
 .text.TIM_ITRx_SetConfig
                0x0000000008004c50       0x38 ./Drivers/STM32G0xx_HAL_Driver/Src/stm32g0xx_hal_tim.o
 .text.TIM_ETR_SetConfig
                0x0000000008004c88       0x40 ./Drivers/STM32G0xx_HAL_Driver/Src/stm32g0xx_hal_tim.o
                0x0000000008004c88                TIM_ETR_SetConfig
 .text.HAL_TIMEx_MasterConfigSynchronization
                0x0000000008004cc8       0xec ./Drivers/STM32G0xx_HAL_Driver/Src/stm32g0xx_hal_tim_ex.o
                0x0000000008004cc8                HAL_TIMEx_MasterConfigSynchronization
 .text.HAL_TIMEx_CommutCallback
                0x0000000008004db4       0x10 ./Drivers/STM32G0xx_HAL_Driver/Src/stm32g0xx_hal_tim_ex.o
                0x0000000008004db4                HAL_TIMEx_CommutCallback
 .text.HAL_TIMEx_BreakCallback
                0x0000000008004dc4       0x10 ./Drivers/STM32G0xx_HAL_Driver/Src/stm32g0xx_hal_tim_ex.o
                0x0000000008004dc4                HAL_TIMEx_BreakCallback
 .text.HAL_TIMEx_Break2Callback
                0x0000000008004dd4       0x10 ./Drivers/STM32G0xx_HAL_Driver/Src/stm32g0xx_hal_tim_ex.o
                0x0000000008004dd4                HAL_TIMEx_Break2Callback
 .text.HAL_UART_Init
                0x0000000008004de4       0xac ./Drivers/STM32G0xx_HAL_Driver/Src/stm32g0xx_hal_uart.o
                0x0000000008004de4                HAL_UART_Init
 .text.HAL_UART_Receive_IT
                0x0000000008004e90       0xcc ./Drivers/STM32G0xx_HAL_Driver/Src/stm32g0xx_hal_uart.o
                0x0000000008004e90                HAL_UART_Receive_IT
 .text.HAL_UART_AbortReceive
                0x0000000008004f5c      0x168 ./Drivers/STM32G0xx_HAL_Driver/Src/stm32g0xx_hal_uart.o
                0x0000000008004f5c                HAL_UART_AbortReceive
 .text.HAL_UART_ErrorCallback
                0x00000000080050c4       0x10 ./Drivers/STM32G0xx_HAL_Driver/Src/stm32g0xx_hal_uart.o
                0x00000000080050c4                HAL_UART_ErrorCallback
 .text.HAL_UARTEx_RxEventCallback
                0x00000000080050d4       0x16 ./Drivers/STM32G0xx_HAL_Driver/Src/stm32g0xx_hal_uart.o
                0x00000000080050d4                HAL_UARTEx_RxEventCallback
 *fill*         0x00000000080050ea        0x2 
 .text.UART_SetConfig
                0x00000000080050ec      0x6ac ./Drivers/STM32G0xx_HAL_Driver/Src/stm32g0xx_hal_uart.o
                0x00000000080050ec                UART_SetConfig
 .text.UART_AdvFeatureConfig
                0x0000000008005798      0x168 ./Drivers/STM32G0xx_HAL_Driver/Src/stm32g0xx_hal_uart.o
                0x0000000008005798                UART_AdvFeatureConfig
 .text.UART_CheckIdleState
                0x0000000008005900       0x9c ./Drivers/STM32G0xx_HAL_Driver/Src/stm32g0xx_hal_uart.o
                0x0000000008005900                UART_CheckIdleState
 .text.UART_WaitOnFlagUntilTimeout
                0x000000000800599c      0x190 ./Drivers/STM32G0xx_HAL_Driver/Src/stm32g0xx_hal_uart.o
                0x000000000800599c                UART_WaitOnFlagUntilTimeout
 .text.UART_Start_Receive_IT
                0x0000000008005b2c      0x248 ./Drivers/STM32G0xx_HAL_Driver/Src/stm32g0xx_hal_uart.o
                0x0000000008005b2c                UART_Start_Receive_IT
 .text.UART_RxISR_8BIT
                0x0000000008005d74      0x174 ./Drivers/STM32G0xx_HAL_Driver/Src/stm32g0xx_hal_uart.o
 .text.UART_RxISR_16BIT
                0x0000000008005ee8      0x174 ./Drivers/STM32G0xx_HAL_Driver/Src/stm32g0xx_hal_uart.o
 .text.UART_RxISR_8BIT_FIFOEN
                0x000000000800605c      0x2ec ./Drivers/STM32G0xx_HAL_Driver/Src/stm32g0xx_hal_uart.o
 .text.UART_RxISR_16BIT_FIFOEN
                0x0000000008006348      0x2ec ./Drivers/STM32G0xx_HAL_Driver/Src/stm32g0xx_hal_uart.o
 .text.HAL_UARTEx_DisableFifoMode
                0x0000000008006634       0x74 ./Drivers/STM32G0xx_HAL_Driver/Src/stm32g0xx_hal_uart_ex.o
                0x0000000008006634                HAL_UARTEx_DisableFifoMode
 .text.HAL_UARTEx_SetTxFifoThreshold
                0x00000000080066a8       0x7e ./Drivers/STM32G0xx_HAL_Driver/Src/stm32g0xx_hal_uart_ex.o
                0x00000000080066a8                HAL_UARTEx_SetTxFifoThreshold
 *fill*         0x0000000008006726        0x2 
 .text.HAL_UARTEx_SetRxFifoThreshold
                0x0000000008006728       0x84 ./Drivers/STM32G0xx_HAL_Driver/Src/stm32g0xx_hal_uart_ex.o
                0x0000000008006728                HAL_UARTEx_SetRxFifoThreshold
 .text.UARTEx_SetNbDataToProcess
                0x00000000080067ac       0xbc ./Drivers/STM32G0xx_HAL_Driver/Src/stm32g0xx_hal_uart_ex.o
 .text.__libc_init_array
                0x0000000008006868       0x48 c:/st/stm32cubeide_1.12.0/stm32cubeide/plugins/com.st.stm32cube.ide.mcu.externaltools.gnu-tools-for-stm32.10.3-2021.10.win32_1.0.200.202301161003/tools/bin/../lib/gcc/arm-none-eabi/10.3.1/../../../../arm-none-eabi/lib/thumb/v6-m/nofp\libc_nano.a(lib_a-init.o)
                0x0000000008006868                __libc_init_array
 .text.memcpy   0x00000000080068b0       0x12 c:/st/stm32cubeide_1.12.0/stm32cubeide/plugins/com.st.stm32cube.ide.mcu.externaltools.gnu-tools-for-stm32.10.3-2021.10.win32_1.0.200.202301161003/tools/bin/../lib/gcc/arm-none-eabi/10.3.1/../../../../arm-none-eabi/lib/thumb/v6-m/nofp\libc_nano.a(lib_a-memcpy-stub.o)
                0x00000000080068b0                memcpy
 .text.memset   0x00000000080068c2       0x10 c:/st/stm32cubeide_1.12.0/stm32cubeide/plugins/com.st.stm32cube.ide.mcu.externaltools.gnu-tools-for-stm32.10.3-2021.10.win32_1.0.200.202301161003/tools/bin/../lib/gcc/arm-none-eabi/10.3.1/../../../../arm-none-eabi/lib/thumb/v6-m/nofp\libc_nano.a(lib_a-memset.o)
                0x00000000080068c2                memset
 *(.glue_7)
 .glue_7        0x00000000080068d2        0x0 linker stubs
 *(.glue_7t)
 .glue_7t       0x00000000080068d2        0x0 linker stubs
 *(.eh_frame)
 *fill*         0x00000000080068d2        0x2 
 .eh_frame      0x00000000080068d4        0x0 c:/st/stm32cubeide_1.12.0/stm32cubeide/plugins/com.st.stm32cube.ide.mcu.externaltools.gnu-tools-for-stm32.10.3-2021.10.win32_1.0.200.202301161003/tools/bin/../lib/gcc/arm-none-eabi/10.3.1/thumb/v6-m/nofp/crtbegin.o
 *(.init)
 .init          0x00000000080068d4        0x4 c:/st/stm32cubeide_1.12.0/stm32cubeide/plugins/com.st.stm32cube.ide.mcu.externaltools.gnu-tools-for-stm32.10.3-2021.10.win32_1.0.200.202301161003/tools/bin/../lib/gcc/arm-none-eabi/10.3.1/thumb/v6-m/nofp/crti.o
                0x00000000080068d4                _init
 .init          0x00000000080068d8        0x8 c:/st/stm32cubeide_1.12.0/stm32cubeide/plugins/com.st.stm32cube.ide.mcu.externaltools.gnu-tools-for-stm32.10.3-2021.10.win32_1.0.200.202301161003/tools/bin/../lib/gcc/arm-none-eabi/10.3.1/thumb/v6-m/nofp/crtn.o
 *(.fini)
 .fini          0x00000000080068e0        0x4 c:/st/stm32cubeide_1.12.0/stm32cubeide/plugins/com.st.stm32cube.ide.mcu.externaltools.gnu-tools-for-stm32.10.3-2021.10.win32_1.0.200.202301161003/tools/bin/../lib/gcc/arm-none-eabi/10.3.1/thumb/v6-m/nofp/crti.o
                0x00000000080068e0                _fini
 .fini          0x00000000080068e4        0x8 c:/st/stm32cubeide_1.12.0/stm32cubeide/plugins/com.st.stm32cube.ide.mcu.externaltools.gnu-tools-for-stm32.10.3-2021.10.win32_1.0.200.202301161003/tools/bin/../lib/gcc/arm-none-eabi/10.3.1/thumb/v6-m/nofp/crtn.o
                0x00000000080068ec                . = ALIGN (0x4)
                0x00000000080068ec                _etext = .

.vfp11_veneer   0x00000000080068ec        0x0
 .vfp11_veneer  0x00000000080068ec        0x0 linker stubs

.v4_bx          0x00000000080068ec        0x0
 .v4_bx         0x00000000080068ec        0x0 linker stubs

.iplt           0x00000000080068ec        0x0
 .iplt          0x00000000080068ec        0x0 c:/st/stm32cubeide_1.12.0/stm32cubeide/plugins/com.st.stm32cube.ide.mcu.externaltools.gnu-tools-for-stm32.10.3-2021.10.win32_1.0.200.202301161003/tools/bin/../lib/gcc/arm-none-eabi/10.3.1/thumb/v6-m/nofp/crtbegin.o

.rodata         0x00000000080068ec       0xc8
                0x00000000080068ec                . = ALIGN (0x4)
 *(.rodata)
 .rodata        0x00000000080068ec       0x18 ./Core/Src/main.o
 *(.rodata*)
 .rodata.LED12A1_DeviceEnable
                0x0000000008006904       0x14 ./Core/Src/led12a1.o
 .rodata.LED12A1_SetDeviceAddr
                0x0000000008006918       0x14 ./Core/Src/led12a1.o
 .rodata.AHBPrescTable
                0x000000000800692c       0x40 ./Core/Src/system_stm32g0xx.o
                0x000000000800692c                AHBPrescTable
 .rodata.APBPrescTable
                0x000000000800696c       0x20 ./Core/Src/system_stm32g0xx.o
                0x000000000800696c                APBPrescTable
 .rodata.UARTPrescTable
                0x000000000800698c       0x18 ./Drivers/STM32G0xx_HAL_Driver/Src/stm32g0xx_hal_uart.o
                0x000000000800698c                UARTPrescTable
 .rodata.numerator.1
                0x00000000080069a4        0x8 ./Drivers/STM32G0xx_HAL_Driver/Src/stm32g0xx_hal_uart_ex.o
 .rodata.denominator.0
                0x00000000080069ac        0x8 ./Drivers/STM32G0xx_HAL_Driver/Src/stm32g0xx_hal_uart_ex.o
                0x00000000080069b4                . = ALIGN (0x4)

.ARM.extab      0x00000000080069b4        0x0
                0x00000000080069b4                . = ALIGN (0x4)
 *(.ARM.extab* .gnu.linkonce.armextab.*)
                0x00000000080069b4                . = ALIGN (0x4)

.ARM            0x00000000080069b4        0x8
                0x00000000080069b4                . = ALIGN (0x4)
                0x00000000080069b4                __exidx_start = .
 *(.ARM.exidx*)
 .ARM.exidx     0x00000000080069b4        0x8 c:/st/stm32cubeide_1.12.0/stm32cubeide/plugins/com.st.stm32cube.ide.mcu.externaltools.gnu-tools-for-stm32.10.3-2021.10.win32_1.0.200.202301161003/tools/bin/../lib/gcc/arm-none-eabi/10.3.1/thumb/v6-m/nofp\libgcc.a(_udivmoddi4.o)
                0x00000000080069bc                __exidx_end = .
                0x00000000080069bc                . = ALIGN (0x4)

.rel.dyn        0x00000000080069bc        0x0
 .rel.iplt      0x00000000080069bc        0x0 c:/st/stm32cubeide_1.12.0/stm32cubeide/plugins/com.st.stm32cube.ide.mcu.externaltools.gnu-tools-for-stm32.10.3-2021.10.win32_1.0.200.202301161003/tools/bin/../lib/gcc/arm-none-eabi/10.3.1/thumb/v6-m/nofp/crtbegin.o

.preinit_array  0x00000000080069bc        0x0
                0x00000000080069bc                . = ALIGN (0x4)
                0x00000000080069bc                PROVIDE (__preinit_array_start = .)
 *(.preinit_array*)
                0x00000000080069bc                PROVIDE (__preinit_array_end = .)
                0x00000000080069bc                . = ALIGN (0x4)

.init_array     0x00000000080069bc        0x4
                0x00000000080069bc                . = ALIGN (0x4)
                0x00000000080069bc                PROVIDE (__init_array_start = .)
 *(SORT_BY_NAME(.init_array.*))
 *(.init_array*)
 .init_array    0x00000000080069bc        0x4 c:/st/stm32cubeide_1.12.0/stm32cubeide/plugins/com.st.stm32cube.ide.mcu.externaltools.gnu-tools-for-stm32.10.3-2021.10.win32_1.0.200.202301161003/tools/bin/../lib/gcc/arm-none-eabi/10.3.1/thumb/v6-m/nofp/crtbegin.o
                0x00000000080069c0                PROVIDE (__init_array_end = .)
                0x00000000080069c0                . = ALIGN (0x4)

.fini_array     0x00000000080069c0        0x4
                0x00000000080069c0                . = ALIGN (0x4)
                [!provide]                        PROVIDE (__fini_array_start = .)
 *(SORT_BY_NAME(.fini_array.*))
 *(.fini_array*)
 .fini_array    0x00000000080069c0        0x4 c:/st/stm32cubeide_1.12.0/stm32cubeide/plugins/com.st.stm32cube.ide.mcu.externaltools.gnu-tools-for-stm32.10.3-2021.10.win32_1.0.200.202301161003/tools/bin/../lib/gcc/arm-none-eabi/10.3.1/thumb/v6-m/nofp/crtbegin.o
                [!provide]                        PROVIDE (__fini_array_end = .)
                0x00000000080069c4                . = ALIGN (0x4)
                0x00000000080069c4                _sidata = LOADADDR (.data)

.data           0x0000000020000000        0xc load address 0x00000000080069c4
                0x0000000020000000                . = ALIGN (0x4)
                0x0000000020000000                _sdata = .
 *(.data)
 *(.data*)
 .data.SystemCoreClock
                0x0000000020000000        0x4 ./Core/Src/system_stm32g0xx.o
                0x0000000020000000                SystemCoreClock
 .data.uwTickPrio
                0x0000000020000004        0x4 ./Drivers/STM32G0xx_HAL_Driver/Src/stm32g0xx_hal.o
                0x0000000020000004                uwTickPrio
 .data.uwTickFreq
                0x0000000020000008        0x1 ./Drivers/STM32G0xx_HAL_Driver/Src/stm32g0xx_hal.o
                0x0000000020000008                uwTickFreq
 *(.RamFunc)
 *(.RamFunc*)
                0x000000002000000c                . = ALIGN (0x4)
 *fill*         0x0000000020000009        0x3 
                0x000000002000000c                _edata = .

.igot.plt       0x000000002000000c        0x0 load address 0x00000000080069d0
 .igot.plt      0x000000002000000c        0x0 c:/st/stm32cubeide_1.12.0/stm32cubeide/plugins/com.st.stm32cube.ide.mcu.externaltools.gnu-tools-for-stm32.10.3-2021.10.win32_1.0.200.202301161003/tools/bin/../lib/gcc/arm-none-eabi/10.3.1/thumb/v6-m/nofp/crtbegin.o
                0x000000002000000c                . = ALIGN (0x4)

.bss            0x000000002000000c      0x264 load address 0x00000000080069d0
                0x000000002000000c                _sbss = .
                0x000000002000000c                __bss_start__ = _sbss
 *(.bss)
 .bss           0x000000002000000c       0x1c c:/st/stm32cubeide_1.12.0/stm32cubeide/plugins/com.st.stm32cube.ide.mcu.externaltools.gnu-tools-for-stm32.10.3-2021.10.win32_1.0.200.202301161003/tools/bin/../lib/gcc/arm-none-eabi/10.3.1/thumb/v6-m/nofp/crtbegin.o
 *(.bss*)
 .bss.bridge_IN_buffer
                0x0000000020000028       0x40 ./Core/Src/bridge.o
                0x0000000020000028                bridge_IN_buffer
 .bss.bridge_OUT_buffer
                0x0000000020000068       0x40 ./Core/Src/bridge.o
                0x0000000020000068                bridge_OUT_buffer
 .bss.interface_mode
                0x00000000200000a8        0x1 ./Core/Src/bridge.o
                0x00000000200000a8                interface_mode
 .bss.tim2_timeout
                0x00000000200000a9        0x1 ./Core/Src/bridge.o
                0x00000000200000a9                tim2_timeout
 .bss.command_triggered
                0x00000000200000aa        0x1 ./Core/Src/bridge.o
                0x00000000200000aa                command_triggered
 *fill*         0x00000000200000ab        0x1 
 .bss.TestStatus
                0x00000000200000ac        0x4 ./Core/Src/callbacks.o
                0x00000000200000ac                TestStatus
 .bss.TmpStatus
                0x00000000200000b0        0x4 ./Core/Src/led1202.o
                0x00000000200000b0                TmpStatus
 .bss.LED1202Obj
                0x00000000200000b4       0x2c ./Core/Src/led12a1.o
                0x00000000200000b4                LED1202Obj
 .bss.hi2c1     0x00000000200000e0       0x54 ./Core/Src/main.o
                0x00000000200000e0                hi2c1
 .bss.htim2     0x0000000020000134       0x4c ./Core/Src/main.o
                0x0000000020000134                htim2
 .bss.htim3     0x0000000020000180       0x4c ./Core/Src/main.o
                0x0000000020000180                htim3
 .bss.huart2    0x00000000200001cc       0x94 ./Core/Src/main.o
                0x00000000200001cc                huart2
 .bss.DevAddrArray
                0x0000000020000260        0xa ./Core/Src/main.o
                0x0000000020000260                DevAddrArray
 .bss.NumOfDev  0x000000002000026a        0x1 ./Core/Src/main.o
                0x000000002000026a                NumOfDev
 *fill*         0x000000002000026b        0x1 
 .bss.uwTick    0x000000002000026c        0x4 ./Drivers/STM32G0xx_HAL_Driver/Src/stm32g0xx_hal.o
                0x000000002000026c                uwTick
 *(COMMON)
                0x0000000020000270                . = ALIGN (0x4)
                0x0000000020000270                _ebss = .
                0x0000000020000270                __bss_end__ = _ebss

._user_heap_stack
                0x0000000020000270      0x600 load address 0x00000000080069d0
                0x0000000020000270                . = ALIGN (0x8)
                [!provide]                        PROVIDE (end = .)
                0x0000000020000270                PROVIDE (_end = .)
                0x0000000020000470                . = (. + _Min_Heap_Size)
 *fill*         0x0000000020000270      0x200 
                0x0000000020000870                . = (. + _Min_Stack_Size)
 *fill*         0x0000000020000470      0x400 
                0x0000000020000870                . = ALIGN (0x8)

/DISCARD/
 libc.a(*)
 libm.a(*)
 libgcc.a(*)

.ARM.attributes
                0x0000000000000000       0x28
 *(.ARM.attributes)
 .ARM.attributes
                0x0000000000000000       0x1e c:/st/stm32cubeide_1.12.0/stm32cubeide/plugins/com.st.stm32cube.ide.mcu.externaltools.gnu-tools-for-stm32.10.3-2021.10.win32_1.0.200.202301161003/tools/bin/../lib/gcc/arm-none-eabi/10.3.1/thumb/v6-m/nofp/crti.o
 .ARM.attributes
                0x000000000000001e       0x2c c:/st/stm32cubeide_1.12.0/stm32cubeide/plugins/com.st.stm32cube.ide.mcu.externaltools.gnu-tools-for-stm32.10.3-2021.10.win32_1.0.200.202301161003/tools/bin/../lib/gcc/arm-none-eabi/10.3.1/thumb/v6-m/nofp/crtbegin.o
 .ARM.attributes
                0x000000000000004a       0x22 ./Core/STM32CubeIDE/Application/Startup/startup_stm32l073rztx.o
 .ARM.attributes
                0x000000000000006c       0x2c ./Core/Src/bridge.o
 .ARM.attributes
                0x0000000000000098       0x2c ./Core/Src/callbacks.o
 .ARM.attributes
                0x00000000000000c4       0x2c ./Core/Src/led1202.o
 .ARM.attributes
                0x00000000000000f0       0x2c ./Core/Src/led1202_reg.o
 .ARM.attributes
                0x000000000000011c       0x2c ./Core/Src/led12a1.o
 .ARM.attributes
                0x0000000000000148       0x2c ./Core/Src/main.o
 .ARM.attributes
                0x0000000000000174       0x2c ./Core/Src/stm32g0xx_hal_msp.o
 .ARM.attributes
                0x00000000000001a0       0x2c ./Core/Src/stm32g0xx_it.o
 .ARM.attributes
                0x00000000000001cc       0x2c ./Core/Src/system_stm32g0xx.o
 .ARM.attributes
                0x00000000000001f8       0x2c ./Drivers/STM32G0xx_HAL_Driver/Src/stm32g0xx_hal.o
 .ARM.attributes
                0x0000000000000224       0x2c ./Drivers/STM32G0xx_HAL_Driver/Src/stm32g0xx_hal_cortex.o
 .ARM.attributes
                0x0000000000000250       0x2c ./Drivers/STM32G0xx_HAL_Driver/Src/stm32g0xx_hal_dma.o
 .ARM.attributes
                0x000000000000027c       0x2c ./Drivers/STM32G0xx_HAL_Driver/Src/stm32g0xx_hal_gpio.o
 .ARM.attributes
                0x00000000000002a8       0x2c ./Drivers/STM32G0xx_HAL_Driver/Src/stm32g0xx_hal_i2c.o
 .ARM.attributes
                0x00000000000002d4       0x2c ./Drivers/STM32G0xx_HAL_Driver/Src/stm32g0xx_hal_i2c_ex.o
 .ARM.attributes
                0x0000000000000300       0x2c ./Drivers/STM32G0xx_HAL_Driver/Src/stm32g0xx_hal_pwr_ex.o
 .ARM.attributes
                0x000000000000032c       0x2c ./Drivers/STM32G0xx_HAL_Driver/Src/stm32g0xx_hal_rcc.o
 .ARM.attributes
                0x0000000000000358       0x2c ./Drivers/STM32G0xx_HAL_Driver/Src/stm32g0xx_hal_rcc_ex.o
 .ARM.attributes
                0x0000000000000384       0x2c ./Drivers/STM32G0xx_HAL_Driver/Src/stm32g0xx_hal_tim.o
 .ARM.attributes
                0x00000000000003b0       0x2c ./Drivers/STM32G0xx_HAL_Driver/Src/stm32g0xx_hal_tim_ex.o
 .ARM.attributes
                0x00000000000003dc       0x2c ./Drivers/STM32G0xx_HAL_Driver/Src/stm32g0xx_hal_uart.o
 .ARM.attributes
                0x0000000000000408       0x2c ./Drivers/STM32G0xx_HAL_Driver/Src/stm32g0xx_hal_uart_ex.o
 .ARM.attributes
                0x0000000000000434       0x2c c:/st/stm32cubeide_1.12.0/stm32cubeide/plugins/com.st.stm32cube.ide.mcu.externaltools.gnu-tools-for-stm32.10.3-2021.10.win32_1.0.200.202301161003/tools/bin/../lib/gcc/arm-none-eabi/10.3.1/../../../../arm-none-eabi/lib/thumb/v6-m/nofp\libc_nano.a(lib_a-init.o)
 .ARM.attributes
                0x0000000000000460       0x2c c:/st/stm32cubeide_1.12.0/stm32cubeide/plugins/com.st.stm32cube.ide.mcu.externaltools.gnu-tools-for-stm32.10.3-2021.10.win32_1.0.200.202301161003/tools/bin/../lib/gcc/arm-none-eabi/10.3.1/../../../../arm-none-eabi/lib/thumb/v6-m/nofp\libc_nano.a(lib_a-memcpy-stub.o)
 .ARM.attributes
                0x000000000000048c       0x2c c:/st/stm32cubeide_1.12.0/stm32cubeide/plugins/com.st.stm32cube.ide.mcu.externaltools.gnu-tools-for-stm32.10.3-2021.10.win32_1.0.200.202301161003/tools/bin/../lib/gcc/arm-none-eabi/10.3.1/../../../../arm-none-eabi/lib/thumb/v6-m/nofp\libc_nano.a(lib_a-memset.o)
 .ARM.attributes
                0x00000000000004b8       0x1e c:/st/stm32cubeide_1.12.0/stm32cubeide/plugins/com.st.stm32cube.ide.mcu.externaltools.gnu-tools-for-stm32.10.3-2021.10.win32_1.0.200.202301161003/tools/bin/../lib/gcc/arm-none-eabi/10.3.1/thumb/v6-m/nofp\libgcc.a(_udivsi3.o)
 .ARM.attributes
                0x00000000000004d6       0x1e c:/st/stm32cubeide_1.12.0/stm32cubeide/plugins/com.st.stm32cube.ide.mcu.externaltools.gnu-tools-for-stm32.10.3-2021.10.win32_1.0.200.202301161003/tools/bin/../lib/gcc/arm-none-eabi/10.3.1/thumb/v6-m/nofp\libgcc.a(_divsi3.o)
 .ARM.attributes
                0x00000000000004f4       0x1e c:/st/stm32cubeide_1.12.0/stm32cubeide/plugins/com.st.stm32cube.ide.mcu.externaltools.gnu-tools-for-stm32.10.3-2021.10.win32_1.0.200.202301161003/tools/bin/../lib/gcc/arm-none-eabi/10.3.1/thumb/v6-m/nofp\libgcc.a(_dvmd_tls.o)
 .ARM.attributes
                0x0000000000000512       0x1e c:/st/stm32cubeide_1.12.0/stm32cubeide/plugins/com.st.stm32cube.ide.mcu.externaltools.gnu-tools-for-stm32.10.3-2021.10.win32_1.0.200.202301161003/tools/bin/../lib/gcc/arm-none-eabi/10.3.1/thumb/v6-m/nofp\libgcc.a(_aeabi_uldivmod.o)
 .ARM.attributes
                0x0000000000000530       0x2c c:/st/stm32cubeide_1.12.0/stm32cubeide/plugins/com.st.stm32cube.ide.mcu.externaltools.gnu-tools-for-stm32.10.3-2021.10.win32_1.0.200.202301161003/tools/bin/../lib/gcc/arm-none-eabi/10.3.1/thumb/v6-m/nofp\libgcc.a(_udivmoddi4.o)
 .ARM.attributes
                0x000000000000055c       0x1e c:/st/stm32cubeide_1.12.0/stm32cubeide/plugins/com.st.stm32cube.ide.mcu.externaltools.gnu-tools-for-stm32.10.3-2021.10.win32_1.0.200.202301161003/tools/bin/../lib/gcc/arm-none-eabi/10.3.1/thumb/v6-m/nofp\libgcc.a(_clzdi2.o)
 .ARM.attributes
                0x000000000000057a       0x1e c:/st/stm32cubeide_1.12.0/stm32cubeide/plugins/com.st.stm32cube.ide.mcu.externaltools.gnu-tools-for-stm32.10.3-2021.10.win32_1.0.200.202301161003/tools/bin/../lib/gcc/arm-none-eabi/10.3.1/thumb/v6-m/nofp\libgcc.a(_clzsi2.o)
 .ARM.attributes
                0x0000000000000598       0x1e c:/st/stm32cubeide_1.12.0/stm32cubeide/plugins/com.st.stm32cube.ide.mcu.externaltools.gnu-tools-for-stm32.10.3-2021.10.win32_1.0.200.202301161003/tools/bin/../lib/gcc/arm-none-eabi/10.3.1/thumb/v6-m/nofp/crtn.o
OUTPUT(Nucleo-G0B1RE.elf elf32-littlearm)
LOAD linker stubs
LOAD c:/st/stm32cubeide_1.12.0/stm32cubeide/plugins/com.st.stm32cube.ide.mcu.externaltools.gnu-tools-for-stm32.10.3-2021.10.win32_1.0.200.202301161003/tools/bin/../lib/gcc/arm-none-eabi/10.3.1/../../../../arm-none-eabi/lib/thumb/v6-m/nofp\libc.a
LOAD c:/st/stm32cubeide_1.12.0/stm32cubeide/plugins/com.st.stm32cube.ide.mcu.externaltools.gnu-tools-for-stm32.10.3-2021.10.win32_1.0.200.202301161003/tools/bin/../lib/gcc/arm-none-eabi/10.3.1/../../../../arm-none-eabi/lib/thumb/v6-m/nofp\libm.a
LOAD c:/st/stm32cubeide_1.12.0/stm32cubeide/plugins/com.st.stm32cube.ide.mcu.externaltools.gnu-tools-for-stm32.10.3-2021.10.win32_1.0.200.202301161003/tools/bin/../lib/gcc/arm-none-eabi/10.3.1/thumb/v6-m/nofp\libgcc.a

.debug_line     0x0000000000000000    0x18ed2
 .debug_line    0x0000000000000000       0xa2 ./Core/STM32CubeIDE/Application/Startup/startup_stm32l073rztx.o
 .debug_line    0x00000000000000a2      0xa73 ./Core/Src/bridge.o
 .debug_line    0x0000000000000b15      0x7b7 ./Core/Src/callbacks.o
 .debug_line    0x00000000000012cc      0xca9 ./Core/Src/led1202.o
 .debug_line    0x0000000000001f75      0x3da ./Core/Src/led1202_reg.o
 .debug_line    0x000000000000234f      0xa51 ./Core/Src/led12a1.o
 .debug_line    0x0000000000002da0      0xfe7 ./Core/Src/main.o
 .debug_line    0x0000000000003d87      0x856 ./Core/Src/stm32g0xx_hal_msp.o
 .debug_line    0x00000000000045dd      0x7cc ./Core/Src/stm32g0xx_it.o
 .debug_line    0x0000000000004da9      0x7aa ./Core/Src/system_stm32g0xx.o
 .debug_line    0x0000000000005553      0xb10 ./Drivers/STM32G0xx_HAL_Driver/Src/stm32g0xx_hal.o
 .debug_line    0x0000000000006063      0xb61 ./Drivers/STM32G0xx_HAL_Driver/Src/stm32g0xx_hal_cortex.o
 .debug_line    0x0000000000006bc4      0xe77 ./Drivers/STM32G0xx_HAL_Driver/Src/stm32g0xx_hal_dma.o
 .debug_line    0x0000000000007a3b      0xb61 ./Drivers/STM32G0xx_HAL_Driver/Src/stm32g0xx_hal_gpio.o
 .debug_line    0x000000000000859c     0x36f3 ./Drivers/STM32G0xx_HAL_Driver/Src/stm32g0xx_hal_i2c.o
 .debug_line    0x000000000000bc8f      0x955 ./Drivers/STM32G0xx_HAL_Driver/Src/stm32g0xx_hal_i2c_ex.o
 .debug_line    0x000000000000c5e4      0xbcd ./Drivers/STM32G0xx_HAL_Driver/Src/stm32g0xx_hal_pwr_ex.o
 .debug_line    0x000000000000d1b1      0xf6c ./Drivers/STM32G0xx_HAL_Driver/Src/stm32g0xx_hal_rcc.o
 .debug_line    0x000000000000e11d     0x1165 ./Drivers/STM32G0xx_HAL_Driver/Src/stm32g0xx_hal_rcc_ex.o
 .debug_line    0x000000000000f282     0x3c84 ./Drivers/STM32G0xx_HAL_Driver/Src/stm32g0xx_hal_tim.o
 .debug_line    0x0000000000012f06     0x1cbb ./Drivers/STM32G0xx_HAL_Driver/Src/stm32g0xx_hal_tim_ex.o
 .debug_line    0x0000000000014bc1     0x3532 ./Drivers/STM32G0xx_HAL_Driver/Src/stm32g0xx_hal_uart.o
 .debug_line    0x00000000000180f3      0xddf ./Drivers/STM32G0xx_HAL_Driver/Src/stm32g0xx_hal_uart_ex.o

.debug_info     0x0000000000000000    0x19a6d
 .debug_info    0x0000000000000000       0x22 ./Core/STM32CubeIDE/Application/Startup/startup_stm32l073rztx.o
 .debug_info    0x0000000000000022     0x1439 ./Core/Src/bridge.o
 .debug_info    0x000000000000145b      0xd37 ./Core/Src/callbacks.o
 .debug_info    0x0000000000002192      0xbb1 ./Core/Src/led1202.o
 .debug_info    0x0000000000002d43      0x211 ./Core/Src/led1202_reg.o
 .debug_info    0x0000000000002f54     0x1450 ./Core/Src/led12a1.o
 .debug_info    0x00000000000043a4     0x1f02 ./Core/Src/main.o
 .debug_info    0x00000000000062a6     0x1603 ./Core/Src/stm32g0xx_hal_msp.o
 .debug_info    0x00000000000078a9      0x8a6 ./Core/Src/stm32g0xx_it.o
 .debug_info    0x000000000000814f      0x34d ./Core/Src/system_stm32g0xx.o
 .debug_info    0x000000000000849c      0xb4d ./Drivers/STM32G0xx_HAL_Driver/Src/stm32g0xx_hal.o
 .debug_info    0x0000000000008fe9      0x90d ./Drivers/STM32G0xx_HAL_Driver/Src/stm32g0xx_hal_cortex.o
 .debug_info    0x00000000000098f6      0x8f3 ./Drivers/STM32G0xx_HAL_Driver/Src/stm32g0xx_hal_dma.o
 .debug_info    0x000000000000a1e9      0x647 ./Drivers/STM32G0xx_HAL_Driver/Src/stm32g0xx_hal_gpio.o
 .debug_info    0x000000000000a830     0x23b8 ./Drivers/STM32G0xx_HAL_Driver/Src/stm32g0xx_hal_i2c.o
 .debug_info    0x000000000000cbe8      0xada ./Drivers/STM32G0xx_HAL_Driver/Src/stm32g0xx_hal_i2c_ex.o
 .debug_info    0x000000000000d6c2      0x90c ./Drivers/STM32G0xx_HAL_Driver/Src/stm32g0xx_hal_pwr_ex.o
 .debug_info    0x000000000000dfce      0xc08 ./Drivers/STM32G0xx_HAL_Driver/Src/stm32g0xx_hal_rcc.o
 .debug_info    0x000000000000ebd6      0xaea ./Drivers/STM32G0xx_HAL_Driver/Src/stm32g0xx_hal_rcc_ex.o
 .debug_info    0x000000000000f6c0     0x2e70 ./Drivers/STM32G0xx_HAL_Driver/Src/stm32g0xx_hal_tim.o
 .debug_info    0x0000000000012530     0x1a74 ./Drivers/STM32G0xx_HAL_Driver/Src/stm32g0xx_hal_tim_ex.o
 .debug_info    0x0000000000013fa4     0x4a3c ./Drivers/STM32G0xx_HAL_Driver/Src/stm32g0xx_hal_uart.o
 .debug_info    0x00000000000189e0     0x108d ./Drivers/STM32G0xx_HAL_Driver/Src/stm32g0xx_hal_uart_ex.o

.debug_abbrev   0x0000000000000000     0x30a5
 .debug_abbrev  0x0000000000000000       0x12 ./Core/STM32CubeIDE/Application/Startup/startup_stm32l073rztx.o
 .debug_abbrev  0x0000000000000012      0x20b ./Core/Src/bridge.o
 .debug_abbrev  0x000000000000021d      0x1ad ./Core/Src/callbacks.o
 .debug_abbrev  0x00000000000003ca      0x1c9 ./Core/Src/led1202.o
 .debug_abbrev  0x0000000000000593       0xf2 ./Core/Src/led1202_reg.o
 .debug_abbrev  0x0000000000000685      0x2ca ./Core/Src/led12a1.o
 .debug_abbrev  0x000000000000094f      0x38b ./Core/Src/main.o
 .debug_abbrev  0x0000000000000cda      0x23f ./Core/Src/stm32g0xx_hal_msp.o
 .debug_abbrev  0x0000000000000f19      0x19c ./Core/Src/stm32g0xx_it.o
 .debug_abbrev  0x00000000000010b5      0x116 ./Core/Src/system_stm32g0xx.o
 .debug_abbrev  0x00000000000011cb      0x278 ./Drivers/STM32G0xx_HAL_Driver/Src/stm32g0xx_hal.o
 .debug_abbrev  0x0000000000001443      0x29f ./Drivers/STM32G0xx_HAL_Driver/Src/stm32g0xx_hal_cortex.o
 .debug_abbrev  0x00000000000016e2      0x20a ./Drivers/STM32G0xx_HAL_Driver/Src/stm32g0xx_hal_dma.o
 .debug_abbrev  0x00000000000018ec      0x1b9 ./Drivers/STM32G0xx_HAL_Driver/Src/stm32g0xx_hal_gpio.o
 .debug_abbrev  0x0000000000001aa5      0x26d ./Drivers/STM32G0xx_HAL_Driver/Src/stm32g0xx_hal_i2c.o
 .debug_abbrev  0x0000000000001d12      0x1c6 ./Drivers/STM32G0xx_HAL_Driver/Src/stm32g0xx_hal_i2c_ex.o
 .debug_abbrev  0x0000000000001ed8      0x232 ./Drivers/STM32G0xx_HAL_Driver/Src/stm32g0xx_hal_pwr_ex.o
 .debug_abbrev  0x000000000000210a      0x2ae ./Drivers/STM32G0xx_HAL_Driver/Src/stm32g0xx_hal_rcc.o
 .debug_abbrev  0x00000000000023b8      0x234 ./Drivers/STM32G0xx_HAL_Driver/Src/stm32g0xx_hal_rcc_ex.o
 .debug_abbrev  0x00000000000025ec      0x275 ./Drivers/STM32G0xx_HAL_Driver/Src/stm32g0xx_hal_tim.o
 .debug_abbrev  0x0000000000002861      0x281 ./Drivers/STM32G0xx_HAL_Driver/Src/stm32g0xx_hal_tim_ex.o
 .debug_abbrev  0x0000000000002ae2      0x2ff ./Drivers/STM32G0xx_HAL_Driver/Src/stm32g0xx_hal_uart.o
 .debug_abbrev  0x0000000000002de1      0x2c4 ./Drivers/STM32G0xx_HAL_Driver/Src/stm32g0xx_hal_uart_ex.o

.debug_aranges  0x0000000000000000     0x13e0
 .debug_aranges
                0x0000000000000000       0x28 ./Core/STM32CubeIDE/Application/Startup/startup_stm32l073rztx.o
 .debug_aranges
                0x0000000000000028       0x28 ./Core/Src/bridge.o
 .debug_aranges
                0x0000000000000050       0x28 ./Core/Src/callbacks.o
 .debug_aranges
                0x0000000000000078       0xb0 ./Core/Src/led1202.o
 .debug_aranges
                0x0000000000000128       0x28 ./Core/Src/led1202_reg.o
 .debug_aranges
                0x0000000000000150       0x98 ./Core/Src/led12a1.o
 .debug_aranges
                0x00000000000001e8       0x98 ./Core/Src/main.o
 .debug_aranges
                0x0000000000000280       0x50 ./Core/Src/stm32g0xx_hal_msp.o
 .debug_aranges
                0x00000000000002d0       0x50 ./Core/Src/stm32g0xx_it.o
 .debug_aranges
                0x0000000000000320       0x28 ./Core/Src/system_stm32g0xx.o
 .debug_aranges
                0x0000000000000348      0x130 ./Drivers/STM32G0xx_HAL_Driver/Src/stm32g0xx_hal.o
 .debug_aranges
                0x0000000000000478       0xd8 ./Drivers/STM32G0xx_HAL_Driver/Src/stm32g0xx_hal_cortex.o
 .debug_aranges
                0x0000000000000550       0x90 ./Drivers/STM32G0xx_HAL_Driver/Src/stm32g0xx_hal_dma.o
 .debug_aranges
                0x00000000000005e0       0x60 ./Drivers/STM32G0xx_HAL_Driver/Src/stm32g0xx_hal_gpio.o
 .debug_aranges
                0x0000000000000640      0x2a0 ./Drivers/STM32G0xx_HAL_Driver/Src/stm32g0xx_hal_i2c.o
 .debug_aranges
                0x00000000000008e0       0x48 ./Drivers/STM32G0xx_HAL_Driver/Src/stm32g0xx_hal_i2c_ex.o
 .debug_aranges
                0x0000000000000928      0x128 ./Drivers/STM32G0xx_HAL_Driver/Src/stm32g0xx_hal_pwr_ex.o
 .debug_aranges
                0x0000000000000a50       0xa0 ./Drivers/STM32G0xx_HAL_Driver/Src/stm32g0xx_hal_rcc.o
 .debug_aranges
                0x0000000000000af0       0x88 ./Drivers/STM32G0xx_HAL_Driver/Src/stm32g0xx_hal_rcc_ex.o
 .debug_aranges
                0x0000000000000b78      0x3e0 ./Drivers/STM32G0xx_HAL_Driver/Src/stm32g0xx_hal_tim.o
 .debug_aranges
                0x0000000000000f58      0x198 ./Drivers/STM32G0xx_HAL_Driver/Src/stm32g0xx_hal_tim_ex.o
 .debug_aranges
                0x00000000000010f0      0x248 ./Drivers/STM32G0xx_HAL_Driver/Src/stm32g0xx_hal_uart.o
 .debug_aranges
                0x0000000000001338       0xa8 ./Drivers/STM32G0xx_HAL_Driver/Src/stm32g0xx_hal_uart_ex.o

.debug_str      0x0000000000000000    0xc0c52
 .debug_str     0x0000000000000000       0x8f ./Core/STM32CubeIDE/Application/Startup/startup_stm32l073rztx.o
 .debug_str     0x000000000000008f    0xb5dab ./Core/Src/bridge.o
                                      0xb667e (size before relaxing)
 .debug_str     0x00000000000b5e3a       0xaa ./Core/Src/callbacks.o
                                      0xb6231 (size before relaxing)
 .debug_str     0x00000000000b5ee4     0x58ec ./Core/Src/led1202.o
                                      0xbac1f (size before relaxing)
 .debug_str     0x00000000000bb7d0       0x1f ./Core/Src/led1202_reg.o
                                       0x5085 (size before relaxing)
 .debug_str     0x00000000000bb7ef      0x4ad ./Core/Src/led12a1.o
                                      0xb787c (size before relaxing)
 .debug_str     0x00000000000bbc9c      0x4db ./Core/Src/main.o
                                      0xb84d5 (size before relaxing)
 .debug_str     0x00000000000bc177      0x4cd ./Core/Src/stm32g0xx_hal_msp.o
                                      0xb654f (size before relaxing)
 .debug_str     0x00000000000bc644       0xba ./Core/Src/stm32g0xx_it.o
                                      0xb5a84 (size before relaxing)
 .debug_str     0x00000000000bc6fe       0x8e ./Core/Src/system_stm32g0xx.o
                                      0xb53e9 (size before relaxing)
 .debug_str     0x00000000000bc78c      0x5f6 ./Drivers/STM32G0xx_HAL_Driver/Src/stm32g0xx_hal.o
                                      0xb5cc2 (size before relaxing)
 .debug_str     0x00000000000bcd82      0x267 ./Drivers/STM32G0xx_HAL_Driver/Src/stm32g0xx_hal_cortex.o
                                      0xb58c2 (size before relaxing)
 .debug_str     0x00000000000bcfe9      0x2a1 ./Drivers/STM32G0xx_HAL_Driver/Src/stm32g0xx_hal_dma.o
                                      0xb5899 (size before relaxing)
 .debug_str     0x00000000000bd28a      0x164 ./Drivers/STM32G0xx_HAL_Driver/Src/stm32g0xx_hal_gpio.o
                                      0xb554c (size before relaxing)
 .debug_str     0x00000000000bd3ee      0xd34 ./Drivers/STM32G0xx_HAL_Driver/Src/stm32g0xx_hal_i2c.o
                                      0xb67df (size before relaxing)
 .debug_str     0x00000000000be122       0xb8 ./Drivers/STM32G0xx_HAL_Driver/Src/stm32g0xx_hal_i2c_ex.o
                                      0xb5a7c (size before relaxing)
 .debug_str     0x00000000000be1da      0x3f0 ./Drivers/STM32G0xx_HAL_Driver/Src/stm32g0xx_hal_pwr_ex.o
                                      0xb596b (size before relaxing)
 .debug_str     0x00000000000be5ca      0x3b7 ./Drivers/STM32G0xx_HAL_Driver/Src/stm32g0xx_hal_rcc.o
                                      0xb5adb (size before relaxing)
 .debug_str     0x00000000000be981      0x344 ./Drivers/STM32G0xx_HAL_Driver/Src/stm32g0xx_hal_rcc_ex.o
                                      0xb5a45 (size before relaxing)
 .debug_str     0x00000000000becc5      0xdd2 ./Drivers/STM32G0xx_HAL_Driver/Src/stm32g0xx_hal_tim.o
                                      0xb6942 (size before relaxing)
 .debug_str     0x00000000000bfa97      0x5f9 ./Drivers/STM32G0xx_HAL_Driver/Src/stm32g0xx_hal_tim_ex.o
                                      0xb62e0 (size before relaxing)
 .debug_str     0x00000000000c0090      0x95e ./Drivers/STM32G0xx_HAL_Driver/Src/stm32g0xx_hal_uart.o
                                      0xb63d4 (size before relaxing)
 .debug_str     0x00000000000c09ee      0x264 ./Drivers/STM32G0xx_HAL_Driver/Src/stm32g0xx_hal_uart_ex.o
                                      0xb5c9a (size before relaxing)

.debug_ranges   0x0000000000000000     0x12a8
 .debug_ranges  0x0000000000000000       0x20 ./Core/STM32CubeIDE/Application/Startup/startup_stm32l073rztx.o
 .debug_ranges  0x0000000000000020       0x18 ./Core/Src/bridge.o
 .debug_ranges  0x0000000000000038       0x18 ./Core/Src/callbacks.o
 .debug_ranges  0x0000000000000050       0xa0 ./Core/Src/led1202.o
 .debug_ranges  0x00000000000000f0       0x18 ./Core/Src/led1202_reg.o
 .debug_ranges  0x0000000000000108       0x88 ./Core/Src/led12a1.o
 .debug_ranges  0x0000000000000190       0x88 ./Core/Src/main.o
 .debug_ranges  0x0000000000000218       0x40 ./Core/Src/stm32g0xx_hal_msp.o
 .debug_ranges  0x0000000000000258       0x40 ./Core/Src/stm32g0xx_it.o
 .debug_ranges  0x0000000000000298       0x18 ./Core/Src/system_stm32g0xx.o
 .debug_ranges  0x00000000000002b0      0x120 ./Drivers/STM32G0xx_HAL_Driver/Src/stm32g0xx_hal.o
 .debug_ranges  0x00000000000003d0       0xc8 ./Drivers/STM32G0xx_HAL_Driver/Src/stm32g0xx_hal_cortex.o
 .debug_ranges  0x0000000000000498       0x80 ./Drivers/STM32G0xx_HAL_Driver/Src/stm32g0xx_hal_dma.o
 .debug_ranges  0x0000000000000518       0x50 ./Drivers/STM32G0xx_HAL_Driver/Src/stm32g0xx_hal_gpio.o
 .debug_ranges  0x0000000000000568      0x290 ./Drivers/STM32G0xx_HAL_Driver/Src/stm32g0xx_hal_i2c.o
 .debug_ranges  0x00000000000007f8       0x38 ./Drivers/STM32G0xx_HAL_Driver/Src/stm32g0xx_hal_i2c_ex.o
 .debug_ranges  0x0000000000000830      0x118 ./Drivers/STM32G0xx_HAL_Driver/Src/stm32g0xx_hal_pwr_ex.o
 .debug_ranges  0x0000000000000948       0x90 ./Drivers/STM32G0xx_HAL_Driver/Src/stm32g0xx_hal_rcc.o
 .debug_ranges  0x00000000000009d8       0x78 ./Drivers/STM32G0xx_HAL_Driver/Src/stm32g0xx_hal_rcc_ex.o
 .debug_ranges  0x0000000000000a50      0x3d0 ./Drivers/STM32G0xx_HAL_Driver/Src/stm32g0xx_hal_tim.o
 .debug_ranges  0x0000000000000e20      0x188 ./Drivers/STM32G0xx_HAL_Driver/Src/stm32g0xx_hal_tim_ex.o
 .debug_ranges  0x0000000000000fa8      0x268 ./Drivers/STM32G0xx_HAL_Driver/Src/stm32g0xx_hal_uart.o
 .debug_ranges  0x0000000000001210       0x98 ./Drivers/STM32G0xx_HAL_Driver/Src/stm32g0xx_hal_uart_ex.o

.debug_macro    0x0000000000000000    0x1cbd7
 .debug_macro   0x0000000000000000      0x21f ./Core/Src/bridge.o
 .debug_macro   0x000000000000021f       0x2e ./Core/Src/bridge.o
 .debug_macro   0x000000000000024d       0x28 ./Core/Src/bridge.o
 .debug_macro   0x0000000000000275       0x8e ./Core/Src/bridge.o
 .debug_macro   0x0000000000000303       0x51 ./Core/Src/bridge.o
 .debug_macro   0x0000000000000354       0x1c ./Core/Src/bridge.o
 .debug_macro   0x0000000000000370       0x22 ./Core/Src/bridge.o
 .debug_macro   0x0000000000000392       0xd1 ./Core/Src/bridge.o
 .debug_macro   0x0000000000000463      0x4da ./Core/Src/bridge.o
 .debug_macro   0x000000000000093d      0x11f ./Core/Src/bridge.o
 .debug_macro   0x0000000000000a5c     0xf3bb ./Core/Src/bridge.o
 .debug_macro   0x000000000000fe17       0x66 ./Core/Src/bridge.o
 .debug_macro   0x000000000000fe7d      0x130 ./Core/Src/bridge.o
 .debug_macro   0x000000000000ffad     0x34fd ./Core/Src/bridge.o
 .debug_macro   0x00000000000134aa       0x5c ./Core/Src/bridge.o
 .debug_macro   0x0000000000013506      0x72c ./Core/Src/bridge.o
 .debug_macro   0x0000000000013c32     0x1509 ./Core/Src/bridge.o
 .debug_macro   0x000000000001513b      0x535 ./Core/Src/bridge.o
 .debug_macro   0x0000000000015670      0x1cf ./Core/Src/bridge.o
 .debug_macro   0x000000000001583f      0x25b ./Core/Src/bridge.o
 .debug_macro   0x0000000000015a9a      0x4f5 ./Core/Src/bridge.o
 .debug_macro   0x0000000000015f8f      0x280 ./Core/Src/bridge.o
 .debug_macro   0x000000000001620f      0x417 ./Core/Src/bridge.o
 .debug_macro   0x0000000000016626      0x1b2 ./Core/Src/bridge.o
 .debug_macro   0x00000000000167d8       0x43 ./Core/Src/bridge.o
 .debug_macro   0x000000000001681b      0x1f1 ./Core/Src/bridge.o
 .debug_macro   0x0000000000016a0c      0x1e4 ./Core/Src/bridge.o
 .debug_macro   0x0000000000016bf0      0x3fa ./Core/Src/bridge.o
 .debug_macro   0x0000000000016fea       0x28 ./Core/Src/bridge.o
 .debug_macro   0x0000000000017012      0x123 ./Core/Src/bridge.o
 .debug_macro   0x0000000000017135      0x22c ./Core/Src/bridge.o
 .debug_macro   0x0000000000017361       0x67 ./Core/Src/bridge.o
 .debug_macro   0x00000000000173c8       0xa5 ./Core/Src/bridge.o
 .debug_macro   0x000000000001746d      0x145 ./Core/Src/bridge.o
 .debug_macro   0x00000000000175b2      0x30b ./Core/Src/bridge.o
 .debug_macro   0x00000000000178bd      0xade ./Core/Src/bridge.o
 .debug_macro   0x000000000001839b      0x239 ./Core/Src/bridge.o
 .debug_macro   0x00000000000185d4      0x693 ./Core/Src/bridge.o
 .debug_macro   0x0000000000018c67       0xa6 ./Core/Src/bridge.o
 .debug_macro   0x0000000000018d0d      0x5df ./Core/Src/bridge.o
 .debug_macro   0x00000000000192ec       0x22 ./Core/Src/bridge.o
 .debug_macro   0x000000000001930e      0x100 ./Core/Src/bridge.o
 .debug_macro   0x000000000001940e       0x52 ./Core/Src/bridge.o
 .debug_macro   0x0000000000019460      0x21d ./Core/Src/callbacks.o
 .debug_macro   0x000000000001967d      0x106 ./Core/Src/callbacks.o
 .debug_macro   0x0000000000019783      0x397 ./Core/Src/led1202.o
 .debug_macro   0x0000000000019b1a      0x32a ./Core/Src/led1202.o
 .debug_macro   0x0000000000019e44       0x10 ./Core/Src/led1202.o
 .debug_macro   0x0000000000019e54       0x52 ./Core/Src/led1202.o
 .debug_macro   0x0000000000019ea6       0x16 ./Core/Src/led1202.o
 .debug_macro   0x0000000000019ebc       0x97 ./Core/Src/led1202.o
 .debug_macro   0x0000000000019f53       0xfd ./Core/Src/led1202.o
 .debug_macro   0x000000000001a050       0x56 ./Core/Src/led1202.o
 .debug_macro   0x000000000001a0a6       0x28 ./Core/Src/led1202.o
 .debug_macro   0x000000000001a0ce       0x76 ./Core/Src/led1202.o
 .debug_macro   0x000000000001a144       0x85 ./Core/Src/led1202_reg.o
 .debug_macro   0x000000000001a1c9      0x254 ./Core/Src/led12a1.o
 .debug_macro   0x000000000001a41d       0x28 ./Core/Src/led12a1.o
 .debug_macro   0x000000000001a445      0x26e ./Core/Src/main.o
 .debug_macro   0x000000000001a6b3       0x4c ./Core/Src/main.o
 .debug_macro   0x000000000001a6ff      0x330 ./Core/Src/main.o
 .debug_macro   0x000000000001aa2f       0x2e ./Core/Src/main.o
 .debug_macro   0x000000000001aa5d      0x207 ./Core/Src/stm32g0xx_hal_msp.o
 .debug_macro   0x000000000001ac64      0x211 ./Core/Src/stm32g0xx_it.o
 .debug_macro   0x000000000001ae75      0x1f8 ./Core/Src/system_stm32g0xx.o
 .debug_macro   0x000000000001b06d      0x21c ./Drivers/STM32G0xx_HAL_Driver/Src/stm32g0xx_hal.o
 .debug_macro   0x000000000001b289      0x1f8 ./Drivers/STM32G0xx_HAL_Driver/Src/stm32g0xx_hal_cortex.o
 .debug_macro   0x000000000001b481      0x1f8 ./Drivers/STM32G0xx_HAL_Driver/Src/stm32g0xx_hal_dma.o
 .debug_macro   0x000000000001b679      0x1ff ./Drivers/STM32G0xx_HAL_Driver/Src/stm32g0xx_hal_gpio.o
 .debug_macro   0x000000000001b878      0x2c4 ./Drivers/STM32G0xx_HAL_Driver/Src/stm32g0xx_hal_i2c.o
 .debug_macro   0x000000000001bb3c      0x1f8 ./Drivers/STM32G0xx_HAL_Driver/Src/stm32g0xx_hal_i2c_ex.o
 .debug_macro   0x000000000001bd34      0x222 ./Drivers/STM32G0xx_HAL_Driver/Src/stm32g0xx_hal_pwr_ex.o
 .debug_macro   0x000000000001bf56      0x24c ./Drivers/STM32G0xx_HAL_Driver/Src/stm32g0xx_hal_rcc.o
 .debug_macro   0x000000000001c1a2      0x210 ./Drivers/STM32G0xx_HAL_Driver/Src/stm32g0xx_hal_rcc_ex.o
 .debug_macro   0x000000000001c3b2      0x200 ./Drivers/STM32G0xx_HAL_Driver/Src/stm32g0xx_hal_tim.o
 .debug_macro   0x000000000001c5b2      0x1fe ./Drivers/STM32G0xx_HAL_Driver/Src/stm32g0xx_hal_tim_ex.o
 .debug_macro   0x000000000001c7b0      0x223 ./Drivers/STM32G0xx_HAL_Driver/Src/stm32g0xx_hal_uart.o
 .debug_macro   0x000000000001c9d3      0x204 ./Drivers/STM32G0xx_HAL_Driver/Src/stm32g0xx_hal_uart_ex.o

.comment        0x0000000000000000       0x50
 .comment       0x0000000000000000       0x50 ./Core/Src/bridge.o
                                         0x51 (size before relaxing)
 .comment       0x0000000000000050       0x51 ./Core/Src/callbacks.o
 .comment       0x0000000000000050       0x51 ./Core/Src/led1202.o
 .comment       0x0000000000000050       0x51 ./Core/Src/led1202_reg.o
 .comment       0x0000000000000050       0x51 ./Core/Src/led12a1.o
 .comment       0x0000000000000050       0x51 ./Core/Src/main.o
 .comment       0x0000000000000050       0x51 ./Core/Src/stm32g0xx_hal_msp.o
 .comment       0x0000000000000050       0x51 ./Core/Src/stm32g0xx_it.o
 .comment       0x0000000000000050       0x51 ./Core/Src/system_stm32g0xx.o
 .comment       0x0000000000000050       0x51 ./Drivers/STM32G0xx_HAL_Driver/Src/stm32g0xx_hal.o
 .comment       0x0000000000000050       0x51 ./Drivers/STM32G0xx_HAL_Driver/Src/stm32g0xx_hal_cortex.o
 .comment       0x0000000000000050       0x51 ./Drivers/STM32G0xx_HAL_Driver/Src/stm32g0xx_hal_dma.o
 .comment       0x0000000000000050       0x51 ./Drivers/STM32G0xx_HAL_Driver/Src/stm32g0xx_hal_gpio.o
 .comment       0x0000000000000050       0x51 ./Drivers/STM32G0xx_HAL_Driver/Src/stm32g0xx_hal_i2c.o
 .comment       0x0000000000000050       0x51 ./Drivers/STM32G0xx_HAL_Driver/Src/stm32g0xx_hal_i2c_ex.o
 .comment       0x0000000000000050       0x51 ./Drivers/STM32G0xx_HAL_Driver/Src/stm32g0xx_hal_pwr_ex.o
 .comment       0x0000000000000050       0x51 ./Drivers/STM32G0xx_HAL_Driver/Src/stm32g0xx_hal_rcc.o
 .comment       0x0000000000000050       0x51 ./Drivers/STM32G0xx_HAL_Driver/Src/stm32g0xx_hal_rcc_ex.o
 .comment       0x0000000000000050       0x51 ./Drivers/STM32G0xx_HAL_Driver/Src/stm32g0xx_hal_tim.o
 .comment       0x0000000000000050       0x51 ./Drivers/STM32G0xx_HAL_Driver/Src/stm32g0xx_hal_tim_ex.o
 .comment       0x0000000000000050       0x51 ./Drivers/STM32G0xx_HAL_Driver/Src/stm32g0xx_hal_uart.o
 .comment       0x0000000000000050       0x51 ./Drivers/STM32G0xx_HAL_Driver/Src/stm32g0xx_hal_uart_ex.o

.debug_frame    0x0000000000000000     0x486c
 .debug_frame   0x0000000000000000       0x50 ./Core/Src/bridge.o
 .debug_frame   0x0000000000000050       0x50 ./Core/Src/callbacks.o
 .debug_frame   0x00000000000000a0      0x270 ./Core/Src/led1202.o
 .debug_frame   0x0000000000000310       0x58 ./Core/Src/led1202_reg.o
 .debug_frame   0x0000000000000368      0x21c ./Core/Src/led12a1.o
 .debug_frame   0x0000000000000584      0x220 ./Core/Src/main.o
 .debug_frame   0x00000000000007a4       0xf0 ./Core/Src/stm32g0xx_hal_msp.o
 .debug_frame   0x0000000000000894       0xd4 ./Core/Src/stm32g0xx_it.o
 .debug_frame   0x0000000000000968       0x4c ./Core/Src/system_stm32g0xx.o
 .debug_frame   0x00000000000009b4      0x41c ./Drivers/STM32G0xx_HAL_Driver/Src/stm32g0xx_hal.o
 .debug_frame   0x0000000000000dd0      0x2fc ./Drivers/STM32G0xx_HAL_Driver/Src/stm32g0xx_hal_cortex.o
 .debug_frame   0x00000000000010cc      0x1f0 ./Drivers/STM32G0xx_HAL_Driver/Src/stm32g0xx_hal_dma.o
 .debug_frame   0x00000000000012bc      0x130 ./Drivers/STM32G0xx_HAL_Driver/Src/stm32g0xx_hal_gpio.o
 .debug_frame   0x00000000000013ec      0xa64 ./Drivers/STM32G0xx_HAL_Driver/Src/stm32g0xx_hal_i2c.o
 .debug_frame   0x0000000000001e50       0xd0 ./Drivers/STM32G0xx_HAL_Driver/Src/stm32g0xx_hal_i2c_ex.o
 .debug_frame   0x0000000000001f20      0x3f4 ./Drivers/STM32G0xx_HAL_Driver/Src/stm32g0xx_hal_pwr_ex.o
 .debug_frame   0x0000000000002314      0x214 ./Drivers/STM32G0xx_HAL_Driver/Src/stm32g0xx_hal_rcc.o
 .debug_frame   0x0000000000002528      0x1c0 ./Drivers/STM32G0xx_HAL_Driver/Src/stm32g0xx_hal_rcc_ex.o
 .debug_frame   0x00000000000026e8      0xf40 ./Drivers/STM32G0xx_HAL_Driver/Src/stm32g0xx_hal_tim.o
 .debug_frame   0x0000000000003628      0x620 ./Drivers/STM32G0xx_HAL_Driver/Src/stm32g0xx_hal_tim_ex.o
 .debug_frame   0x0000000000003c48      0x8d8 ./Drivers/STM32G0xx_HAL_Driver/Src/stm32g0xx_hal_uart.o
 .debug_frame   0x0000000000004520      0x25c ./Drivers/STM32G0xx_HAL_Driver/Src/stm32g0xx_hal_uart_ex.o
 .debug_frame   0x000000000000477c       0x2c c:/st/stm32cubeide_1.12.0/stm32cubeide/plugins/com.st.stm32cube.ide.mcu.externaltools.gnu-tools-for-stm32.10.3-2021.10.win32_1.0.200.202301161003/tools/bin/../lib/gcc/arm-none-eabi/10.3.1/../../../../arm-none-eabi/lib/thumb/v6-m/nofp\libc_nano.a(lib_a-init.o)
 .debug_frame   0x00000000000047a8       0x28 c:/st/stm32cubeide_1.12.0/stm32cubeide/plugins/com.st.stm32cube.ide.mcu.externaltools.gnu-tools-for-stm32.10.3-2021.10.win32_1.0.200.202301161003/tools/bin/../lib/gcc/arm-none-eabi/10.3.1/../../../../arm-none-eabi/lib/thumb/v6-m/nofp\libc_nano.a(lib_a-memcpy-stub.o)
 .debug_frame   0x00000000000047d0       0x20 c:/st/stm32cubeide_1.12.0/stm32cubeide/plugins/com.st.stm32cube.ide.mcu.externaltools.gnu-tools-for-stm32.10.3-2021.10.win32_1.0.200.202301161003/tools/bin/../lib/gcc/arm-none-eabi/10.3.1/../../../../arm-none-eabi/lib/thumb/v6-m/nofp\libc_nano.a(lib_a-memset.o)
 .debug_frame   0x00000000000047f0       0x20 c:/st/stm32cubeide_1.12.0/stm32cubeide/plugins/com.st.stm32cube.ide.mcu.externaltools.gnu-tools-for-stm32.10.3-2021.10.win32_1.0.200.202301161003/tools/bin/../lib/gcc/arm-none-eabi/10.3.1/thumb/v6-m/nofp\libgcc.a(_udivsi3.o)
 .debug_frame   0x0000000000004810       0x20 c:/st/stm32cubeide_1.12.0/stm32cubeide/plugins/com.st.stm32cube.ide.mcu.externaltools.gnu-tools-for-stm32.10.3-2021.10.win32_1.0.200.202301161003/tools/bin/../lib/gcc/arm-none-eabi/10.3.1/thumb/v6-m/nofp\libgcc.a(_divsi3.o)
 .debug_frame   0x0000000000004830       0x3c c:/st/stm32cubeide_1.12.0/stm32cubeide/plugins/com.st.stm32cube.ide.mcu.externaltools.gnu-tools-for-stm32.10.3-2021.10.win32_1.0.200.202301161003/tools/bin/../lib/gcc/arm-none-eabi/10.3.1/thumb/v6-m/nofp\libgcc.a(_udivmoddi4.o)
