../Core/Src/main.c:89:5:main	72	static
../Core/Src/main.c:171:7:setBrightness	40	static
../Core/Src/main.c:190:7:colorWaterfall	32	static
../Core/Src/main.c:263:7:allWhite	32	static
../Core/Src/main.c:281:7:scrollThemColors	32	static
../Core/Src/main.c:313:7:policeLights	32	static
../Core/Src/main.c:349:7:oneByOne	40	static
../Core/Src/main.c:371:7:topDownSwing	40	static
../Core/Src/main.c:401:7:demoPresentation	32	static
../Core/Src/main.c:609:6:SystemClock_Config	96	static
../Core/Src/main.c:650:13:MX_I2C1_Init	8	static
../Core/Src/main.c:698:13:MX_TIM2_Init	40	static
../Core/Src/main.c:743:13:MX_TIM3_Init	40	static
../Core/Src/main.c:788:13:MX_USART2_UART_Init	8	static
../Core/Src/main.c:836:13:MX_GPIO_Init	56	static
../Core/Src/main.c:870:6:Error_Handler	8	static,ignoring_inline_asm
